Archive member included to satisfy reference by file (symbol)

C:\Users\SRI VENKATESWARA AGE\OneDrive\Desktop\nano_edge_ai\tem_lee\NEAI_Lib\Lib\libneai.a(NanoEdgeAI.o)
                              ./Core/Src/main.o (neai_anomalydetection_init)
C:/ST/STM32CubeIDE_1.14.0/STM32CubeIDE/plugins/com.st.stm32cube.ide.mcu.externaltools.gnu-tools-for-stm32.12.3.rel1.win32_1.0.200.202406191623/tools/bin/../lib/gcc/arm-none-eabi/12.3.1/../../../../arm-none-eabi/lib/thumb/v7e-m+fp/hard\libc_nano.a(libc_a-exit.o)
                              C:/ST/STM32CubeIDE_1.14.0/STM32CubeIDE/plugins/com.st.stm32cube.ide.mcu.externaltools.gnu-tools-for-stm32.12.3.rel1.win32_1.0.200.202406191623/tools/bin/../lib/gcc/arm-none-eabi/12.3.1/../../../../arm-none-eabi/lib/thumb/v7e-m+fp/hard/crt0.o (exit)
C:/ST/STM32CubeIDE_1.14.0/STM32CubeIDE/plugins/com.st.stm32cube.ide.mcu.externaltools.gnu-tools-for-stm32.12.3.rel1.win32_1.0.200.202406191623/tools/bin/../lib/gcc/arm-none-eabi/12.3.1/../../../../arm-none-eabi/lib/thumb/v7e-m+fp/hard\libc_nano.a(libc_a-findfp.o)
                              C:/ST/STM32CubeIDE_1.14.0/STM32CubeIDE/plugins/com.st.stm32cube.ide.mcu.externaltools.gnu-tools-for-stm32.12.3.rel1.win32_1.0.200.202406191623/tools/bin/../lib/gcc/arm-none-eabi/12.3.1/../../../../arm-none-eabi/lib/thumb/v7e-m+fp/hard\libc_nano.a(libc_a-exit.o) (__stdio_exit_handler)
C:/ST/STM32CubeIDE_1.14.0/STM32CubeIDE/plugins/com.st.stm32cube.ide.mcu.externaltools.gnu-tools-for-stm32.12.3.rel1.win32_1.0.200.202406191623/tools/bin/../lib/gcc/arm-none-eabi/12.3.1/../../../../arm-none-eabi/lib/thumb/v7e-m+fp/hard\libc_nano.a(libc_a-fwalk.o)
                              C:/ST/STM32CubeIDE_1.14.0/STM32CubeIDE/plugins/com.st.stm32cube.ide.mcu.externaltools.gnu-tools-for-stm32.12.3.rel1.win32_1.0.200.202406191623/tools/bin/../lib/gcc/arm-none-eabi/12.3.1/../../../../arm-none-eabi/lib/thumb/v7e-m+fp/hard\libc_nano.a(libc_a-findfp.o) (_fwalk_sglue)
C:/ST/STM32CubeIDE_1.14.0/STM32CubeIDE/plugins/com.st.stm32cube.ide.mcu.externaltools.gnu-tools-for-stm32.12.3.rel1.win32_1.0.200.202406191623/tools/bin/../lib/gcc/arm-none-eabi/12.3.1/../../../../arm-none-eabi/lib/thumb/v7e-m+fp/hard\libc_nano.a(libc_a-sprintf.o)
                              ./Core/Src/main.o (sprintf)
C:/ST/STM32CubeIDE_1.14.0/STM32CubeIDE/plugins/com.st.stm32cube.ide.mcu.externaltools.gnu-tools-for-stm32.12.3.rel1.win32_1.0.200.202406191623/tools/bin/../lib/gcc/arm-none-eabi/12.3.1/../../../../arm-none-eabi/lib/thumb/v7e-m+fp/hard\libc_nano.a(libc_a-stdio.o)
                              C:/ST/STM32CubeIDE_1.14.0/STM32CubeIDE/plugins/com.st.stm32cube.ide.mcu.externaltools.gnu-tools-for-stm32.12.3.rel1.win32_1.0.200.202406191623/tools/bin/../lib/gcc/arm-none-eabi/12.3.1/../../../../arm-none-eabi/lib/thumb/v7e-m+fp/hard\libc_nano.a(libc_a-findfp.o) (__sread)
C:/ST/STM32CubeIDE_1.14.0/STM32CubeIDE/plugins/com.st.stm32cube.ide.mcu.externaltools.gnu-tools-for-stm32.12.3.rel1.win32_1.0.200.202406191623/tools/bin/../lib/gcc/arm-none-eabi/12.3.1/../../../../arm-none-eabi/lib/thumb/v7e-m+fp/hard\libc_nano.a(libc_a-memset.o)
                              C:/ST/STM32CubeIDE_1.14.0/STM32CubeIDE/plugins/com.st.stm32cube.ide.mcu.externaltools.gnu-tools-for-stm32.12.3.rel1.win32_1.0.200.202406191623/tools/bin/../lib/gcc/arm-none-eabi/12.3.1/../../../../arm-none-eabi/lib/thumb/v7e-m+fp/hard/crt0.o (memset)
C:/ST/STM32CubeIDE_1.14.0/STM32CubeIDE/plugins/com.st.stm32cube.ide.mcu.externaltools.gnu-tools-for-stm32.12.3.rel1.win32_1.0.200.202406191623/tools/bin/../lib/gcc/arm-none-eabi/12.3.1/../../../../arm-none-eabi/lib/thumb/v7e-m+fp/hard\libc_nano.a(libc_a-closer.o)
                              C:/ST/STM32CubeIDE_1.14.0/STM32CubeIDE/plugins/com.st.stm32cube.ide.mcu.externaltools.gnu-tools-for-stm32.12.3.rel1.win32_1.0.200.202406191623/tools/bin/../lib/gcc/arm-none-eabi/12.3.1/../../../../arm-none-eabi/lib/thumb/v7e-m+fp/hard\libc_nano.a(libc_a-stdio.o) (_close_r)
C:/ST/STM32CubeIDE_1.14.0/STM32CubeIDE/plugins/com.st.stm32cube.ide.mcu.externaltools.gnu-tools-for-stm32.12.3.rel1.win32_1.0.200.202406191623/tools/bin/../lib/gcc/arm-none-eabi/12.3.1/../../../../arm-none-eabi/lib/thumb/v7e-m+fp/hard\libc_nano.a(libc_a-reent.o)
                              C:/ST/STM32CubeIDE_1.14.0/STM32CubeIDE/plugins/com.st.stm32cube.ide.mcu.externaltools.gnu-tools-for-stm32.12.3.rel1.win32_1.0.200.202406191623/tools/bin/../lib/gcc/arm-none-eabi/12.3.1/../../../../arm-none-eabi/lib/thumb/v7e-m+fp/hard\libc_nano.a(libc_a-closer.o) (errno)
C:/ST/STM32CubeIDE_1.14.0/STM32CubeIDE/plugins/com.st.stm32cube.ide.mcu.externaltools.gnu-tools-for-stm32.12.3.rel1.win32_1.0.200.202406191623/tools/bin/../lib/gcc/arm-none-eabi/12.3.1/../../../../arm-none-eabi/lib/thumb/v7e-m+fp/hard\libc_nano.a(libc_a-impure.o)
[...]
Memory Configuration

Name             Origin             Length             Attributes
RAM              0x20000000         0x00018000         xrw
RAM2             0x10000000         0x00008000         xrw
FLASH            0x08000000         0x00100000         xr
*default*        0x00000000         0xffffffff

Linker script and memory map

LOAD C:/ST/STM32CubeIDE_1.14.0/STM32CubeIDE/plugins/com.st.stm32cube.ide.mcu.externaltools.gnu-tools-for-stm32.12.3.rel1.win32_1.0.200.202406191623/tools/bin/../lib/gcc/arm-none-eabi/12.3.1/thumb/v7e-m+fp/hard/crti.o
LOAD C:/ST/STM32CubeIDE_1.14.0/STM32CubeIDE/plugins/com.st.stm32cube.ide.mcu.externaltools.gnu-tools-for-stm32.12.3.rel1.win32_1.0.200.202406191623/tools/bin/../lib/gcc/arm-none-eabi/12.3.1/thumb/v7e-m+fp/hard/crtbegin.o
LOAD C:/ST/STM32CubeIDE_1.14.0/STM32CubeIDE/plugins/com.st.stm32cube.ide.mcu.externaltools.gnu-tools-for-stm32.12.3.rel1.win32_1.0.200.202406191623/tools/bin/../lib/gcc/arm-none-eabi/12.3.1/../../../../arm-none-eabi/lib/thumb/v7e-m+fp/hard/crt0.o
LOAD ./Core/Src/main.o
LOAD ./Core/Src/stm32l4xx_hal_msp.o
LOAD ./Core/Src/stm32l4xx_it.o
LOAD ./Core/Src/syscalls.o
LOAD ./Core/Src/sysmem.o
LOAD ./Core/Src/system_stm32l4xx.o
LOAD ./Core/Startup/startup_stm32l475vgtx.o
LOAD ./Drivers/B-L475E-IOT01/stm32l475e_iot01.o
LOAD ./Drivers/B-L475E-IOT01/stm32l475e_iot01_accelero.o
LOAD ./Drivers/B-L475E-IOT01/stm32l475e_iot01_gyro.o
LOAD ./Drivers/B-L475E-IOT01/stm32l475e_iot01_hsensor.o
LOAD ./Drivers/B-L475E-IOT01/stm32l475e_iot01_magneto.o
LOAD ./Drivers/B-L475E-IOT01/stm32l475e_iot01_psensor.o
LOAD ./Drivers/B-L475E-IOT01/stm32l475e_iot01_qspi.o
LOAD ./Drivers/B-L475E-IOT01/stm32l475e_iot01_tsensor.o
LOAD ./Drivers/Components/cs42l51/cs42l51.o
LOAD ./Drivers/Components/cs43l22/cs43l22.o
LOAD ./Drivers/Components/cy8c4014lqi/cy8c4014lqi.o
LOAD ./Drivers/Components/ft3x67/ft3x67.o
LOAD ./Drivers/Components/ft5336/ft5336.o
LOAD ./Drivers/Components/ft6x06/ft6x06.o
LOAD ./Drivers/Components/hts221/hts221.o
LOAD ./Drivers/Components/hx8347g/hx8347g.o
LOAD ./Drivers/Components/hx8347i/hx8347i.o
LOAD ./Drivers/Components/l3gd20/l3gd20.o
LOAD ./Drivers/Components/lis3mdl/lis3mdl.o
LOAD ./Drivers/Components/lps22hb/lps22hb.o
LOAD ./Drivers/Components/ls016b8uy/ls016b8uy.o
LOAD ./Drivers/Components/lsm303c/lsm303c.o
LOAD ./Drivers/Components/lsm303dlhc/lsm303dlhc.o
LOAD ./Drivers/Components/lsm6dsl/lsm6dsl.o
LOAD ./Drivers/Components/m24sr/m24sr.o
LOAD ./Drivers/Components/mfxstm32l152/mfxstm32l152.o
LOAD ./Drivers/Components/ov9655/ov9655.o
LOAD ./Drivers/Components/st25dv/st25dv.o
LOAD ./Drivers/Components/st25dv/st25dv_reg.o
LOAD ./Drivers/Components/st7735/st7735.o
LOAD ./Drivers/Components/st7789h2/st7789h2.o
LOAD ./Drivers/Components/stmpe1600/stmpe1600.o
LOAD ./Drivers/Components/stmpe811/stmpe811.o
LOAD ./Drivers/Components/wm8994/wm8994.o
LOAD ./Drivers/STM32L4xx_HAL_Driver/Src/stm32l4xx_hal.o
LOAD ./Drivers/STM32L4xx_HAL_Driver/Src/stm32l4xx_hal_cortex.o
LOAD ./Drivers/STM32L4xx_HAL_Driver/Src/stm32l4xx_hal_dfsdm.o
LOAD ./Drivers/STM32L4xx_HAL_Driver/Src/stm32l4xx_hal_dma.o
LOAD ./Drivers/STM32L4xx_HAL_Driver/Src/stm32l4xx_hal_dma_ex.o
LOAD ./Drivers/STM32L4xx_HAL_Driver/Src/stm32l4xx_hal_exti.o
LOAD ./Drivers/STM32L4xx_HAL_Driver/Src/stm32l4xx_hal_flash.o
LOAD ./Drivers/STM32L4xx_HAL_Driver/Src/stm32l4xx_hal_flash_ex.o
LOAD ./Drivers/STM32L4xx_HAL_Driver/Src/stm32l4xx_hal_flash_ramfunc.o
LOAD ./Drivers/STM32L4xx_HAL_Driver/Src/stm32l4xx_hal_gpio.o
LOAD ./Drivers/STM32L4xx_HAL_Driver/Src/stm32l4xx_hal_i2c.o
LOAD ./Drivers/STM32L4xx_HAL_Driver/Src/stm32l4xx_hal_i2c_ex.o
LOAD ./Drivers/STM32L4xx_HAL_Driver/Src/stm32l4xx_hal_pcd.o
LOAD ./Drivers/STM32L4xx_HAL_Driver/Src/stm32l4xx_hal_pcd_ex.o
LOAD ./Drivers/STM32L4xx_HAL_Driver/Src/stm32l4xx_hal_pwr.o
LOAD ./Drivers/STM32L4xx_HAL_Driver/Src/stm32l4xx_hal_pwr_ex.o
LOAD ./Drivers/STM32L4xx_HAL_Driver/Src/stm32l4xx_hal_qspi.o
LOAD ./Drivers/STM32L4xx_HAL_Driver/Src/stm32l4xx_hal_rcc.o
LOAD ./Drivers/STM32L4xx_HAL_Driver/Src/stm32l4xx_hal_rcc_ex.o
LOAD ./Drivers/STM32L4xx_HAL_Driver/Src/stm32l4xx_hal_spi.o
LOAD ./Drivers/STM32L4xx_HAL_Driver/Src/stm32l4xx_hal_spi_ex.o
LOAD ./Drivers/STM32L4xx_HAL_Driver/Src/stm32l4xx_hal_tim.o
LOAD ./Drivers/STM32L4xx_HAL_Driver/Src/stm32l4xx_hal_tim_ex.o
LOAD ./Drivers/STM32L4xx_HAL_Driver/Src/stm32l4xx_hal_uart.o
LOAD ./Drivers/STM32L4xx_HAL_Driver/Src/stm32l4xx_hal_uart_ex.o
LOAD ./Drivers/STM32L4xx_HAL_Driver/Src/stm32l4xx_ll_usb.o
LOAD C:\Users\SRI VENKATESWARA AGE\OneDrive\Desktop\nano_edge_ai\tem_lee\NEAI_Lib\Lib\libneai.a
START GROUP
LOAD C:/ST/STM32CubeIDE_1.14.0/STM32CubeIDE/plugins/com.st.stm32cube.ide.mcu.externaltools.gnu-tools-for-stm32.12.3.rel1.win32_1.0.200.202406191623/tools/bin/../lib/gcc/arm-none-eabi/12.3.1/../../../../arm-none-eabi/lib/thumb/v7e-m+fp/hard\libc_nano.a
LOAD C:/ST/STM32CubeIDE_1.14.0/STM32CubeIDE/plugins/com.st.stm32cube.ide.mcu.externaltools.gnu-tools-for-stm32.12.3.rel1.win32_1.0.200.202406191623/tools/bin/../lib/gcc/arm-none-eabi/12.3.1/../../../../arm-none-eabi/lib/thumb/v7e-m+fp/hard\libm.a
END GROUP
START GROUP
LOAD C:/ST/STM32CubeIDE_1.14.0/STM32CubeIDE/plugins/com.st.stm32cube.ide.mcu.externaltools.gnu-tools-for-stm32.12.3.rel1.win32_1.0.200.202406191623/tools/bin/../lib/gcc/arm-none-eabi/12.3.1/thumb/v7e-m+fp/hard\libgcc.a
LOAD C:/ST/STM32CubeIDE_1.14.0/STM32CubeIDE/plugins/com.st.stm32cube.ide.mcu.externaltools.gnu-tools-for-stm32.12.3.rel1.win32_1.0.200.202406191623/tools/bin/../lib/gcc/arm-none-eabi/12.3.1/../../../../arm-none-eabi/lib/thumb/v7e-m+fp/hard\libc_nano.a
END GROUP
START GROUP
LOAD C:/ST/STM32CubeIDE_1.14.0/STM32CubeIDE/plugins/com.st.stm32cube.ide.mcu.externaltools.gnu-tools-for-stm32.12.3.rel1.win32_1.0.200.202406191623/tools/bin/../lib/gcc/arm-none-eabi/12.3.1/thumb/v7e-m+fp/hard\libgcc.a
LOAD C:/ST/STM32CubeIDE_1.14.0/STM32CubeIDE/plugins/com.st.stm32cube.ide.mcu.externaltools.gnu-tools-for-stm32.12.3.rel1.win32_1.0.200.202406191623/tools/bin/../lib/gcc/arm-none-eabi/12.3.1/../../../../arm-none-eabi/lib/thumb/v7e-m+fp/hard\libc_nano.a
LOAD C:/ST/STM32CubeIDE_1.14.0/STM32CubeIDE/plugins/com.st.stm32cube.ide.mcu.externaltools.gnu-tools-for-stm32.12.3.rel1.win32_1.0.200.202406191623/tools/bin/../lib/gcc/arm-none-eabi/12.3.1/../../../../arm-none-eabi/lib/thumb/v7e-m+fp/hard\libnosys.a
END GROUP
START GROUP
LOAD C:/ST/STM32CubeIDE_1.14.0/STM32CubeIDE/plugins/com.st.stm32cube.ide.mcu.externaltools.gnu-tools-for-stm32.12.3.rel1.win32_1.0.200.202406191623/tools/bin/../lib/gcc/arm-none-eabi/12.3.1/thumb/v7e-m+fp/hard\libgcc.a
LOAD C:/ST/STM32CubeIDE_1.14.0/STM32CubeIDE/plugins/com.st.stm32cube.ide.mcu.externaltools.gnu-tools-for-stm32.12.3.rel1.win32_1.0.200.202406191623/tools/bin/../lib/gcc/arm-none-eabi/12.3.1/../../../../arm-none-eabi/lib/thumb/v7e-m+fp/hard\libc_nano.a
LOAD C:/ST/STM32CubeIDE_1.14.0/STM32CubeIDE/plugins/com.st.stm32cube.ide.mcu.externaltools.gnu-tools-for-stm32.12.3.rel1.win32_1.0.200.202406191623/tools/bin/../lib/gcc/arm-none-eabi/12.3.1/../../../../arm-none-eabi/lib/thumb/v7e-m+fp/hard\libnosys.a
END GROUP
LOAD C:/ST/STM32CubeIDE_1.14.0/STM32CubeIDE/plugins/com.st.stm32cube.ide.mcu.externaltools.gnu-tools-for-stm32.12.3.rel1.win32_1.0.200.202406191623/tools/bin/../lib/gcc/arm-none-eabi/12.3.1/thumb/v7e-m+fp/hard/crtend.o
LOAD C:/ST/STM32CubeIDE_1.14.0/STM32CubeIDE/plugins/com.st.stm32cube.ide.mcu.externaltools.gnu-tools-for-stm32.12.3.rel1.win32_1.0.200.202406191623/tools/bin/../lib/gcc/arm-none-eabi/12.3.1/thumb/v7e-m+fp/hard/crtn.o
                0x20018000                        _estack = (ORIGIN (RAM) + LENGTH (RAM))
                0x00000200                        _Min_Heap_Size = 0x200
                0x00000400                        _Min_Stack_Size = 0x400

.isr_vector     0x08000000      0x188
                0x08000000                        . = ALIGN (0x4)
 *(.isr_vector)
 .isr_vector    0x08000000      0x188 ./Core/Startup/startup_stm32l475vgtx.o
                0x08000000                g_pfnVectors
                0x08000188                        . = ALIGN (0x4)

.text           0x08000190     0x77e4
                0x08000190                        . = ALIGN (0x4)
 *(.text)
 .text          0x08000190       0x40 C:/ST/STM32CubeIDE_1.14.0/STM32CubeIDE/plugins/com.st.stm32cube.ide.mcu.externaltools.gnu-tools-for-stm32.12.3.rel1.win32_1.0.200.202406191623/tools/bin/../lib/gcc/arm-none-eabi/12.3.1/thumb/v7e-m+fp/hard/crtbegin.o
 .text          0x080001d0       0x10 C:/ST/STM32CubeIDE_1.14.0/STM32CubeIDE/plugins/com.st.stm32cube.ide.mcu.externaltools.gnu-tools-for-stm32.12.3.rel1.win32_1.0.200.202406191623/tools/bin/../lib/gcc/arm-none-eabi/12.3.1/../../../../arm-none-eabi/lib/thumb/v7e-m+fp/hard\libc_nano.a(libc_a-strlen.o)
                0x080001d0                strlen
 .text          0x080001e0       0xa0 C:/ST/STM32CubeIDE_1.14.0/STM32CubeIDE/plugins/com.st.stm32cube.ide.mcu.externaltools.gnu-tools-for-stm32.12.3.rel1.win32_1.0.200.202406191623/tools/bin/../lib/gcc/arm-none-eabi/12.3.1/../../../../arm-none-eabi/lib/thumb/v7e-m+fp/hard\libc_nano.a(libc_a-memchr.o)
                0x080001e0                memchr
 .text          0x08000280      0x254 C:/ST/STM32CubeIDE_1.14.0/STM32CubeIDE/plugins/com.st.stm32cube.ide.mcu.externaltools.gnu-tools-for-stm32.12.3.rel1.win32_1.0.200.202406191623/tools/bin/../lib/gcc/arm-none-eabi/12.3.1/thumb/v7e-m+fp/hard\libgcc.a(_arm_muldf3.o)
                0x08000280                __muldf3
                0x08000280                __aeabi_dmul
 .text          0x080004d4      0x378 C:/ST/STM32CubeIDE_1.14.0/STM32CubeIDE/plugins/com.st.stm32cube.ide.mcu.externaltools.gnu-tools-for-stm32.12.3.rel1.win32_1.0.200.202406191623/tools/bin/../lib/gcc/arm-none-eabi/12.3.1/thumb/v7e-m+fp/hard\libgcc.a(_arm_addsubdf3.o)
                0x080004d4                __aeabi_drsub
                0x080004dc                __aeabi_dsub
                0x080004dc                __subdf3
                0x080004e0                __aeabi_dadd
                0x080004e0                __adddf3
                0x08000758                __floatunsidf
                0x08000758                __aeabi_ui2d
                0x08000778                __floatsidf
                0x08000778                __aeabi_i2d
                0x0800079c                __aeabi_f2d
                0x0800079c                __extendsfdf2
                0x080007e0                __floatundidf
                0x080007e0                __aeabi_ul2d
                0x080007f0                __floatdidf
                0x080007f0                __aeabi_l2d
 .text          0x0800084c      0x110 C:/ST/STM32CubeIDE_1.14.0/STM32CubeIDE/plugins/com.st.stm32cube.ide.mcu.externaltools.gnu-tools-for-stm32.12.3.rel1.win32_1.0.200.202406191623/tools/bin/../lib/gcc/arm-none-eabi/12.3.1/thumb/v7e-m+fp/hard\libgcc.a(_arm_cmpdf2.o)
                0x0800084c                __gtdf2
                0x0800084c                __gedf2
                0x08000854                __ltdf2
                0x08000854                __ledf2
                0x0800085c                __nedf2
                0x0800085c                __eqdf2
                0x0800085c                __cmpdf2
                0x080008d8                __aeabi_cdrcmple
                0x080008e8                __aeabi_cdcmpeq
                0x080008e8                __aeabi_cdcmple
                0x080008f8                __aeabi_dcmpeq
                0x0800090c                __aeabi_dcmplt
                0x08000920                __aeabi_dcmple
                0x08000934                __aeabi_dcmpge
                0x08000948                __aeabi_dcmpgt
 .text          0x0800095c       0xa0 C:/ST/STM32CubeIDE_1.14.0/STM32CubeIDE/plugins/com.st.stm32cube.ide.mcu.externaltools.gnu-tools-for-stm32.12.3.rel1.win32_1.0.200.202406191623/tools/bin/../lib/gcc/arm-none-eabi/12.3.1/thumb/v7e-m+fp/hard\libgcc.a(_arm_truncdfsf2.o)
                0x0800095c                __truncdfsf2
                0x0800095c                __aeabi_d2f
 .text          0x080009fc       0x30 C:/ST/STM32CubeIDE_1.14.0/STM32CubeIDE/plugins/com.st.stm32cube.ide.mcu.externaltools.gnu-tools-for-stm32.12.3.rel1.win32_1.0.200.202406191623/tools/bin/../lib/gcc/arm-none-eabi/12.3.1/thumb/v7e-m+fp/hard\libgcc.a(_aeabi_uldivmod.o)
                0x080009fc                __aeabi_uldivmod
 .text          0x08000a2c      0x2bc C:/ST/STM32CubeIDE_1.14.0/STM32CubeIDE/plugins/com.st.stm32cube.ide.mcu.externaltools.gnu-tools-for-stm32.12.3.rel1.win32_1.0.200.202406191623/tools/bin/../lib/gcc/arm-none-eabi/12.3.1/thumb/v7e-m+fp/hard\libgcc.a(_udivmoddi4.o)
                0x08000a2c                __udivmoddi4
 .text          0x08000ce8        0x4 C:/ST/STM32CubeIDE_1.14.0/STM32CubeIDE/plugins/com.st.stm32cube.ide.mcu.externaltools.gnu-tools-for-stm32.12.3.rel1.win32_1.0.200.202406191623/tools/bin/../lib/gcc/arm-none-eabi/12.3.1/thumb/v7e-m+fp/hard\libgcc.a(_dvmd_tls.o)
                0x08000ce8                __aeabi_idiv0
                0x08000ce8                __aeabi_ldiv0
 *(.text*)
 .text.fill_buffer
                0x08000cec       0x4c ./Core/Src/main.o
                0x08000cec                fill_buffer
 .text.lcd_send_cmd
                0x08000d38       0x60 ./Core/Src/main.o
                0x08000d38                lcd_send_cmd
 .text.lcd_send_data
                0x08000d98       0x60 ./Core/Src/main.o
                0x08000d98                lcd_send_data
 .text.lcd_init
                0x08000df8       0x74 ./Core/Src/main.o
                0x08000df8                lcd_init
 .text.lcd_send_string
                0x08000e6c       0x2a ./Core/Src/main.o
                0x08000e6c                lcd_send_string
 .text.lcd_put_cur
                0x08000e96       0x3e ./Core/Src/main.o
                0x08000e96                lcd_put_cur
 .text.lcd_clear
                0x08000ed4       0x14 ./Core/Src/main.o
                0x08000ed4                lcd_clear
 .text.main     0x08000ee8      0x108 ./Core/Src/main.o
                0x08000ee8                main
 .text.SystemClock_Config
                0x08000ff0       0xc4 ./Core/Src/main.o
                0x08000ff0                SystemClock_Config
 .text.MX_DFSDM1_Init
                0x080010b4       0x70 ./Core/Src/main.o
 .text.MX_I2C1_Init
                0x08001124       0x80 ./Core/Src/main.o
 .text.MX_I2C2_Init
                0x080011a4       0x80 ./Core/Src/main.o
 .text.MX_QUADSPI_Init
                0x08001224       0x4c ./Core/Src/main.o
 .text.MX_SPI3_Init
                0x08001270       0x7c ./Core/Src/main.o
 .text.MX_USART1_UART_Init
                0x080012ec       0x60 ./Core/Src/main.o
 .text.MX_USART3_UART_Init
                0x0800134c       0x60 ./Core/Src/main.o
 .text.MX_USB_OTG_FS_PCD_Init
                0x080013ac       0x5c ./Core/Src/main.o
 .text.MX_GPIO_Init
                0x08001408      0x330 ./Core/Src/main.o
 .text.Error_Handler
                0x08001738        0xc ./Core/Src/main.o
                0x08001738                Error_Handler
 .text.HAL_MspInit
                0x08001744       0x48 ./Core/Src/stm32l4xx_hal_msp.o
                0x08001744                HAL_MspInit
 .text.HAL_DFSDM_ChannelMspInit
                0x0800178c       0xc8 ./Core/Src/stm32l4xx_hal_msp.o
                0x0800178c                HAL_DFSDM_ChannelMspInit
 .text.HAL_I2C_MspInit
                0x08001854      0x144 ./Core/Src/stm32l4xx_hal_msp.o
                0x08001854                HAL_I2C_MspInit
 .text.HAL_I2C_MspDeInit
                0x08001998       0x78 ./Core/Src/stm32l4xx_hal_msp.o
                0x08001998                HAL_I2C_MspDeInit
 .text.HAL_QSPI_MspInit
                0x08001a10       0x88 ./Core/Src/stm32l4xx_hal_msp.o
                0x08001a10                HAL_QSPI_MspInit
 .text.HAL_SPI_MspInit
                0x08001a98       0x88 ./Core/Src/stm32l4xx_hal_msp.o
                0x08001a98                HAL_SPI_MspInit
 .text.HAL_UART_MspInit
                0x08001b20      0x148 ./Core/Src/stm32l4xx_hal_msp.o
                0x08001b20                HAL_UART_MspInit
 .text.HAL_PCD_MspInit
                0x08001c68      0x138 ./Core/Src/stm32l4xx_hal_msp.o
                0x08001c68                HAL_PCD_MspInit
 .text.NMI_Handler
                0x08001da0        0x8 ./Core/Src/stm32l4xx_it.o
                0x08001da0                NMI_Handler
 .text.HardFault_Handler
                0x08001da8        0x8 ./Core/Src/stm32l4xx_it.o
                0x08001da8                HardFault_Handler
 .text.MemManage_Handler
                0x08001db0        0x8 ./Core/Src/stm32l4xx_it.o
                0x08001db0                MemManage_Handler
 .text.BusFault_Handler
                0x08001db8        0x8 ./Core/Src/stm32l4xx_it.o
                0x08001db8                BusFault_Handler
 .text.UsageFault_Handler
                0x08001dc0        0x8 ./Core/Src/stm32l4xx_it.o
                0x08001dc0                UsageFault_Handler
 .text.SVC_Handler
                0x08001dc8        0xe ./Core/Src/stm32l4xx_it.o
                0x08001dc8                SVC_Handler
 .text.DebugMon_Handler
                0x08001dd6        0xe ./Core/Src/stm32l4xx_it.o
                0x08001dd6                DebugMon_Handler
 .text.PendSV_Handler
                0x08001de4        0xe ./Core/Src/stm32l4xx_it.o
                0x08001de4                PendSV_Handler
 .text.SysTick_Handler
                0x08001df2        0xc ./Core/Src/stm32l4xx_it.o
                0x08001df2                SysTick_Handler
 .text.EXTI9_5_IRQHandler
                0x08001dfe       0x22 ./Core/Src/stm32l4xx_it.o
                0x08001dfe                EXTI9_5_IRQHandler
 .text.EXTI15_10_IRQHandler
                0x08001e20       0x30 ./Core/Src/stm32l4xx_it.o
                0x08001e20                EXTI15_10_IRQHandler
 .text._sbrk    0x08001e50       0x6c ./Core/Src/sysmem.o
                0x08001e50                _sbrk
 .text.SystemInit
                0x08001ebc       0x24 ./Core/Src/system_stm32l4xx.o
                0x08001ebc                SystemInit
 .text.Reset_Handler
                0x08001ee0       0x50 ./Core/Startup/startup_stm32l475vgtx.o
                0x08001ee0                Reset_Handler
 .text.Default_Handler
                0x08001f30        0x2 ./Core/Startup/startup_stm32l475vgtx.o
                0x08001f30                RTC_Alarm_IRQHandler
                0x08001f30                EXTI2_IRQHandler
                0x08001f30                TIM8_TRG_COM_IRQHandler
                0x08001f30                TIM8_CC_IRQHandler
                0x08001f30                TIM1_CC_IRQHandler
                0x08001f30                TSC_IRQHandler
                0x08001f30                TAMP_STAMP_IRQHandler
                0x08001f30                EXTI3_IRQHandler
                0x08001f30                LPTIM2_IRQHandler
                0x08001f30                DFSDM1_FLT1_IRQHandler
                0x08001f30                I2C3_ER_IRQHandler
                0x08001f30                DFSDM1_FLT2_IRQHandler
                0x08001f30                EXTI0_IRQHandler
                0x08001f30                I2C2_EV_IRQHandler
                0x08001f30                CAN1_RX0_IRQHandler
                0x08001f30                FPU_IRQHandler
                0x08001f30                TIM1_UP_TIM16_IRQHandler
                0x08001f30                ADC1_2_IRQHandler
                0x08001f30                SPI1_IRQHandler
                0x08001f30                TIM6_DAC_IRQHandler
                0x08001f30                TIM8_UP_IRQHandler
                0x08001f30                DMA2_Channel2_IRQHandler
                0x08001f30                DMA1_Channel4_IRQHandler
                0x08001f30                SAI2_IRQHandler
                0x08001f30                DFSDM1_FLT3_IRQHandler
                0x08001f30                USART3_IRQHandler
                0x08001f30                DMA1_Channel7_IRQHandler
                0x08001f30                CAN1_RX1_IRQHandler
                0x08001f30                UART5_IRQHandler
                0x08001f30                ADC3_IRQHandler
                0x08001f30                TIM4_IRQHandler
                0x08001f30                DMA2_Channel1_IRQHandler
                0x08001f30                QUADSPI_IRQHandler
                0x08001f30                I2C1_EV_IRQHandler
                0x08001f30                DMA1_Channel6_IRQHandler
                0x08001f30                UART4_IRQHandler
                0x08001f30                DMA2_Channel4_IRQHandler
                0x08001f30                TIM3_IRQHandler
                0x08001f30                RCC_IRQHandler
                0x08001f30                DMA1_Channel1_IRQHandler
                0x08001f30                Default_Handler
                0x08001f30                DMA2_Channel7_IRQHandler
                0x08001f30                TIM7_IRQHandler
                0x08001f30                SDMMC1_IRQHandler
                0x08001f30                TIM5_IRQHandler
                0x08001f30                I2C3_EV_IRQHandler
                0x08001f30                RTC_WKUP_IRQHandler
                0x08001f30                PVD_PVM_IRQHandler
                0x08001f30                SPI2_IRQHandler
                0x08001f30                CAN1_TX_IRQHandler
                0x08001f30                DMA2_Channel5_IRQHandler
                0x08001f30                DMA1_Channel5_IRQHandler
                0x08001f30                EXTI4_IRQHandler
                0x08001f30                RNG_IRQHandler
                0x08001f30                TIM1_TRG_COM_TIM17_IRQHandler
                0x08001f30                DMA1_Channel3_IRQHandler
                0x08001f30                COMP_IRQHandler
                0x08001f30                WWDG_IRQHandler
                0x08001f30                LPUART1_IRQHandler
                0x08001f30                DMA2_Channel6_IRQHandler
                0x08001f30                TIM2_IRQHandler
                0x08001f30                EXTI1_IRQHandler
                0x08001f30                USART2_IRQHandler
                0x08001f30                DFSDM1_FLT0_IRQHandler
                0x08001f30                I2C2_ER_IRQHandler
                0x08001f30                DMA1_Channel2_IRQHandler
                0x08001f30                TIM8_BRK_IRQHandler
                0x08001f30                CAN1_SCE_IRQHandler
                0x08001f30                FLASH_IRQHandler
                0x08001f30                USART1_IRQHandler
                0x08001f30                OTG_FS_IRQHandler
                0x08001f30                SPI3_IRQHandler
                0x08001f30                I2C1_ER_IRQHandler
                0x08001f30                FMC_IRQHandler
                0x08001f30                SWPMI1_IRQHandler
                0x08001f30                LPTIM1_IRQHandler
                0x08001f30                SAI1_IRQHandler
                0x08001f30                DMA2_Channel3_IRQHandler
                0x08001f30                TIM1_BRK_TIM15_IRQHandler
 *fill*         0x08001f32        0x2 
 .text.I2Cx_MspInit
                0x08001f34       0xb0 ./Drivers/B-L475E-IOT01/stm32l475e_iot01.o
 .text.I2Cx_Init
                0x08001fe4       0x5c ./Drivers/B-L475E-IOT01/stm32l475e_iot01.o
 .text.I2Cx_ReadMultiple
                0x08002040       0x5a ./Drivers/B-L475E-IOT01/stm32l475e_iot01.o
 .text.I2Cx_WriteMultiple
                0x0800209a       0x5a ./Drivers/B-L475E-IOT01/stm32l475e_iot01.o
 .text.I2Cx_Error
                0x080020f4       0x20 ./Drivers/B-L475E-IOT01/stm32l475e_iot01.o
 .text.SENSOR_IO_Init
                0x08002114       0x14 ./Drivers/B-L475E-IOT01/stm32l475e_iot01.o
                0x08002114                SENSOR_IO_Init
 .text.SENSOR_IO_Write
                0x08002128       0x34 ./Drivers/B-L475E-IOT01/stm32l475e_iot01.o
                0x08002128                SENSOR_IO_Write
 .text.SENSOR_IO_Read
                0x0800215c       0x3c ./Drivers/B-L475E-IOT01/stm32l475e_iot01.o
                0x0800215c                SENSOR_IO_Read
 .text.SENSOR_IO_ReadMultiple
                0x08002198       0x3c ./Drivers/B-L475E-IOT01/stm32l475e_iot01.o
                0x08002198                SENSOR_IO_ReadMultiple
 .text.BSP_TSENSOR_Init
                0x080021d4       0x38 ./Drivers/B-L475E-IOT01/stm32l475e_iot01_tsensor.o
                0x080021d4                BSP_TSENSOR_Init
 .text.BSP_TSENSOR_ReadTemp
                0x0800220c       0x1c ./Drivers/B-L475E-IOT01/stm32l475e_iot01_tsensor.o
                0x0800220c                BSP_TSENSOR_ReadTemp
 .text.HTS221_T_Init
                0x08002228       0x5a ./Drivers/Components/hts221/hts221.o
                0x08002228                HTS221_T_Init
 .text.HTS221_T_ReadTemp
                0x08002282      0x10e ./Drivers/Components/hts221/hts221.o
                0x08002282                HTS221_T_ReadTemp
 .text.HAL_Init
                0x08002390       0x30 ./Drivers/STM32L4xx_HAL_Driver/Src/stm32l4xx_hal.o
                0x08002390                HAL_Init
 .text.HAL_InitTick
                0x080023c0       0x78 ./Drivers/STM32L4xx_HAL_Driver/Src/stm32l4xx_hal.o
                0x080023c0                HAL_InitTick
 .text.HAL_IncTick
                0x08002438       0x28 ./Drivers/STM32L4xx_HAL_Driver/Src/stm32l4xx_hal.o
                0x08002438                HAL_IncTick
 .text.HAL_GetTick
                0x08002460       0x18 ./Drivers/STM32L4xx_HAL_Driver/Src/stm32l4xx_hal.o
                0x08002460                HAL_GetTick
 .text.HAL_Delay
                0x08002478       0x48 ./Drivers/STM32L4xx_HAL_Driver/Src/stm32l4xx_hal.o
                0x08002478                HAL_Delay
 .text.__NVIC_SetPriorityGrouping
                0x080024c0       0x48 ./Drivers/STM32L4xx_HAL_Driver/Src/stm32l4xx_hal_cortex.o
 .text.__NVIC_GetPriorityGrouping
                0x08002508       0x1c ./Drivers/STM32L4xx_HAL_Driver/Src/stm32l4xx_hal_cortex.o
 .text.__NVIC_EnableIRQ
                0x08002524       0x3c ./Drivers/STM32L4xx_HAL_Driver/Src/stm32l4xx_hal_cortex.o
 .text.__NVIC_SetPriority
                0x08002560       0x54 ./Drivers/STM32L4xx_HAL_Driver/Src/stm32l4xx_hal_cortex.o
 .text.NVIC_EncodePriority
                0x080025b4       0x66 ./Drivers/STM32L4xx_HAL_Driver/Src/stm32l4xx_hal_cortex.o
 *fill*         0x0800261a        0x2 
 .text.SysTick_Config
                0x0800261c       0x44 ./Drivers/STM32L4xx_HAL_Driver/Src/stm32l4xx_hal_cortex.o
 .text.HAL_NVIC_SetPriorityGrouping
                0x08002660       0x16 ./Drivers/STM32L4xx_HAL_Driver/Src/stm32l4xx_hal_cortex.o
                0x08002660                HAL_NVIC_SetPriorityGrouping
 .text.HAL_NVIC_SetPriority
                0x08002676       0x38 ./Drivers/STM32L4xx_HAL_Driver/Src/stm32l4xx_hal_cortex.o
                0x08002676                HAL_NVIC_SetPriority
 .text.HAL_NVIC_EnableIRQ
                0x080026ae       0x1c ./Drivers/STM32L4xx_HAL_Driver/Src/stm32l4xx_hal_cortex.o
                0x080026ae                HAL_NVIC_EnableIRQ
 .text.HAL_SYSTICK_Config
                0x080026ca       0x18 ./Drivers/STM32L4xx_HAL_Driver/Src/stm32l4xx_hal_cortex.o
                0x080026ca                HAL_SYSTICK_Config
 *fill*         0x080026e2        0x2 
 .text.HAL_DFSDM_ChannelInit
                0x080026e4      0x180 ./Drivers/STM32L4xx_HAL_Driver/Src/stm32l4xx_hal_dfsdm.o
                0x080026e4                HAL_DFSDM_ChannelInit
 .text.DFSDM_GetChannelFromInstance
                0x08002864       0x98 ./Drivers/STM32L4xx_HAL_Driver/Src/stm32l4xx_hal_dfsdm.o
 .text.HAL_GPIO_Init
                0x080028fc      0x354 ./Drivers/STM32L4xx_HAL_Driver/Src/stm32l4xx_hal_gpio.o
                0x080028fc                HAL_GPIO_Init
 .text.HAL_GPIO_DeInit
                0x08002c50      0x1e8 ./Drivers/STM32L4xx_HAL_Driver/Src/stm32l4xx_hal_gpio.o
                0x08002c50                HAL_GPIO_DeInit
 .text.HAL_GPIO_WritePin
                0x08002e38       0x30 ./Drivers/STM32L4xx_HAL_Driver/Src/stm32l4xx_hal_gpio.o
                0x08002e38                HAL_GPIO_WritePin
 .text.HAL_GPIO_EXTI_IRQHandler
                0x08002e68       0x30 ./Drivers/STM32L4xx_HAL_Driver/Src/stm32l4xx_hal_gpio.o
                0x08002e68                HAL_GPIO_EXTI_IRQHandler
 .text.HAL_GPIO_EXTI_Callback
                0x08002e98       0x16 ./Drivers/STM32L4xx_HAL_Driver/Src/stm32l4xx_hal_gpio.o
                0x08002e98                HAL_GPIO_EXTI_Callback
 .text.HAL_I2C_Init
                0x08002eae      0x136 ./Drivers/STM32L4xx_HAL_Driver/Src/stm32l4xx_hal_i2c.o
                0x08002eae                HAL_I2C_Init
 .text.HAL_I2C_DeInit
                0x08002fe4       0x5e ./Drivers/STM32L4xx_HAL_Driver/Src/stm32l4xx_hal_i2c.o
                0x08002fe4                HAL_I2C_DeInit
 *fill*         0x08003042        0x2 
 .text.HAL_I2C_Master_Transmit
                0x08003044      0x230 ./Drivers/STM32L4xx_HAL_Driver/Src/stm32l4xx_hal_i2c.o
                0x08003044                HAL_I2C_Master_Transmit
 .text.HAL_I2C_Mem_Write
                0x08003274      0x228 ./Drivers/STM32L4xx_HAL_Driver/Src/stm32l4xx_hal_i2c.o
                0x08003274                HAL_I2C_Mem_Write
 .text.HAL_I2C_Mem_Read
                0x0800349c      0x234 ./Drivers/STM32L4xx_HAL_Driver/Src/stm32l4xx_hal_i2c.o
                0x0800349c                HAL_I2C_Mem_Read
 .text.I2C_RequestMemoryWrite
                0x080036d0       0xa8 ./Drivers/STM32L4xx_HAL_Driver/Src/stm32l4xx_hal_i2c.o
 .text.I2C_RequestMemoryRead
                0x08003778       0xa8 ./Drivers/STM32L4xx_HAL_Driver/Src/stm32l4xx_hal_i2c.o
 .text.I2C_Flush_TXDR
                0x08003820       0x48 ./Drivers/STM32L4xx_HAL_Driver/Src/stm32l4xx_hal_i2c.o
 .text.I2C_WaitOnFlagUntilTimeout
                0x08003868       0xb2 ./Drivers/STM32L4xx_HAL_Driver/Src/stm32l4xx_hal_i2c.o
 .text.I2C_WaitOnTXISFlagUntilTimeout
                0x0800391a       0x8e ./Drivers/STM32L4xx_HAL_Driver/Src/stm32l4xx_hal_i2c.o
 .text.I2C_WaitOnSTOPFlagUntilTimeout
                0x080039a8       0x86 ./Drivers/STM32L4xx_HAL_Driver/Src/stm32l4xx_hal_i2c.o
 *fill*         0x08003a2e        0x2 
 .text.I2C_IsErrorOccurred
                0x08003a30      0x1c0 ./Drivers/STM32L4xx_HAL_Driver/Src/stm32l4xx_hal_i2c.o
 .text.I2C_TransferConfig
                0x08003bf0       0x64 ./Drivers/STM32L4xx_HAL_Driver/Src/stm32l4xx_hal_i2c.o
 .text.HAL_I2CEx_ConfigAnalogFilter
                0x08003c54       0x96 ./Drivers/STM32L4xx_HAL_Driver/Src/stm32l4xx_hal_i2c_ex.o
                0x08003c54                HAL_I2CEx_ConfigAnalogFilter
 .text.HAL_I2CEx_ConfigDigitalFilter
                0x08003cea       0x98 ./Drivers/STM32L4xx_HAL_Driver/Src/stm32l4xx_hal_i2c_ex.o
                0x08003cea                HAL_I2CEx_ConfigDigitalFilter
 .text.HAL_PCD_Init
                0x08003d82      0x21e ./Drivers/STM32L4xx_HAL_Driver/Src/stm32l4xx_hal_pcd.o
                0x08003d82                HAL_PCD_Init
 .text.HAL_PCDEx_ActivateLPM
                0x08003fa0       0x48 ./Drivers/STM32L4xx_HAL_Driver/Src/stm32l4xx_hal_pcd_ex.o
                0x08003fa0                HAL_PCDEx_ActivateLPM
 .text.HAL_PWR_EnableBkUpAccess
                0x08003fe8       0x20 ./Drivers/STM32L4xx_HAL_Driver/Src/stm32l4xx_hal_pwr.o
                0x08003fe8                HAL_PWR_EnableBkUpAccess
 .text.HAL_PWREx_GetVoltageRange
                0x08004008       0x1c ./Drivers/STM32L4xx_HAL_Driver/Src/stm32l4xx_hal_pwr_ex.o
                0x08004008                HAL_PWREx_GetVoltageRange
 .text.HAL_PWREx_ControlVoltageScaling
                0x08004024       0xac ./Drivers/STM32L4xx_HAL_Driver/Src/stm32l4xx_hal_pwr_ex.o
                0x08004024                HAL_PWREx_ControlVoltageScaling
 .text.HAL_PWREx_EnableVddUSB
                0x080040d0       0x20 ./Drivers/STM32L4xx_HAL_Driver/Src/stm32l4xx_hal_pwr_ex.o
                0x080040d0                HAL_PWREx_EnableVddUSB
 .text.HAL_QSPI_Init
                0x080040f0       0xec ./Drivers/STM32L4xx_HAL_Driver/Src/stm32l4xx_hal_qspi.o
                0x080040f0                HAL_QSPI_Init
 .text.HAL_QSPI_SetTimeout
                0x080041dc       0x1c ./Drivers/STM32L4xx_HAL_Driver/Src/stm32l4xx_hal_qspi.o
                0x080041dc                HAL_QSPI_SetTimeout
 .text.QSPI_WaitFlagStateUntilTimeout
                0x080041f8       0x6e ./Drivers/STM32L4xx_HAL_Driver/Src/stm32l4xx_hal_qspi.o
 *fill*         0x08004266        0x2 
 .text.HAL_RCC_OscConfig
                0x08004268      0x7b8 ./Drivers/STM32L4xx_HAL_Driver/Src/stm32l4xx_hal_rcc.o
                0x08004268                HAL_RCC_OscConfig
 .text.HAL_RCC_ClockConfig
                0x08004a20      0x200 ./Drivers/STM32L4xx_HAL_Driver/Src/stm32l4xx_hal_rcc.o
                0x08004a20                HAL_RCC_ClockConfig
 .text.HAL_RCC_GetSysClockFreq
                0x08004c20      0x118 ./Drivers/STM32L4xx_HAL_Driver/Src/stm32l4xx_hal_rcc.o
                0x08004c20                HAL_RCC_GetSysClockFreq
 .text.HAL_RCC_GetHCLKFreq
                0x08004d38       0x18 ./Drivers/STM32L4xx_HAL_Driver/Src/stm32l4xx_hal_rcc.o
                0x08004d38                HAL_RCC_GetHCLKFreq
 .text.HAL_RCC_GetPCLK1Freq
                0x08004d50       0x2c ./Drivers/STM32L4xx_HAL_Driver/Src/stm32l4xx_hal_rcc.o
                0x08004d50                HAL_RCC_GetPCLK1Freq
 .text.HAL_RCC_GetPCLK2Freq
                0x08004d7c       0x2c ./Drivers/STM32L4xx_HAL_Driver/Src/stm32l4xx_hal_rcc.o
                0x08004d7c                HAL_RCC_GetPCLK2Freq
 .text.RCC_SetFlashLatencyFromMSIRange
                0x08004da8       0xc0 ./Drivers/STM32L4xx_HAL_Driver/Src/stm32l4xx_hal_rcc.o
 .text.HAL_RCCEx_PeriphCLKConfig
                0x08004e68      0x5d4 ./Drivers/STM32L4xx_HAL_Driver/Src/stm32l4xx_hal_rcc_ex.o
                0x08004e68                HAL_RCCEx_PeriphCLKConfig
 .text.HAL_RCCEx_EnableMSIPLLMode
                0x0800543c       0x20 ./Drivers/STM32L4xx_HAL_Driver/Src/stm32l4xx_hal_rcc_ex.o
                0x0800543c                HAL_RCCEx_EnableMSIPLLMode
 .text.RCCEx_PLLSAI1_Config
                0x0800545c      0x1e8 ./Drivers/STM32L4xx_HAL_Driver/Src/stm32l4xx_hal_rcc_ex.o
 .text.RCCEx_PLLSAI2_Config
                0x08005644      0x1bc ./Drivers/STM32L4xx_HAL_Driver/Src/stm32l4xx_hal_rcc_ex.o
 .text.HAL_SPI_Init
                0x08005800      0x146 ./Drivers/STM32L4xx_HAL_Driver/Src/stm32l4xx_hal_spi.o
                0x08005800                HAL_SPI_Init
 .text.HAL_UART_Init
                0x08005946       0x9c ./Drivers/STM32L4xx_HAL_Driver/Src/stm32l4xx_hal_uart.o
                0x08005946                HAL_UART_Init
 .text.HAL_UART_Transmit
                0x080059e2      0x112 ./Drivers/STM32L4xx_HAL_Driver/Src/stm32l4xx_hal_uart.o
                0x080059e2                HAL_UART_Transmit
 .text.UART_SetConfig
                0x08005af4      0x570 ./Drivers/STM32L4xx_HAL_Driver/Src/stm32l4xx_hal_uart.o
                0x08005af4                UART_SetConfig
 .text.UART_AdvFeatureConfig
                0x08006064      0x144 ./Drivers/STM32L4xx_HAL_Driver/Src/stm32l4xx_hal_uart.o
                0x08006064                UART_AdvFeatureConfig
 .text.UART_CheckIdleState
                0x080061a8      0x150 ./Drivers/STM32L4xx_HAL_Driver/Src/stm32l4xx_hal_uart.o
                0x080061a8                UART_CheckIdleState
 .text.UART_WaitOnFlagUntilTimeout
                0x080062f8       0xda ./Drivers/STM32L4xx_HAL_Driver/Src/stm32l4xx_hal_uart.o
                0x080062f8                UART_WaitOnFlagUntilTimeout
 .text.UART_EndRxTransfer
                0x080063d2       0xc8 ./Drivers/STM32L4xx_HAL_Driver/Src/stm32l4xx_hal_uart.o
 .text.USB_CoreInit
                0x0800649a       0x5a ./Drivers/STM32L4xx_HAL_Driver/Src/stm32l4xx_ll_usb.o
                0x0800649a                USB_CoreInit
 .text.USB_DisableGlobalInt
                0x080064f4       0x22 ./Drivers/STM32L4xx_HAL_Driver/Src/stm32l4xx_ll_usb.o
                0x080064f4                USB_DisableGlobalInt
 .text.USB_SetCurrentMode
                0x08006516       0x98 ./Drivers/STM32L4xx_HAL_Driver/Src/stm32l4xx_ll_usb.o
                0x08006516                USB_SetCurrentMode
 *fill*         0x080065ae        0x2 
 .text.USB_DevInit
                0x080065b0      0x290 ./Drivers/STM32L4xx_HAL_Driver/Src/stm32l4xx_ll_usb.o
                0x080065b0                USB_DevInit
 .text.USB_FlushTxFifo
                0x08006840       0x64 ./Drivers/STM32L4xx_HAL_Driver/Src/stm32l4xx_ll_usb.o
                0x08006840                USB_FlushTxFifo
 .text.USB_FlushRxFifo
                0x080068a4       0x5c ./Drivers/STM32L4xx_HAL_Driver/Src/stm32l4xx_ll_usb.o
                0x080068a4                USB_FlushRxFifo
 .text.USB_SetDevSpeed
                0x08006900       0x32 ./Drivers/STM32L4xx_HAL_Driver/Src/stm32l4xx_ll_usb.o
                0x08006900                USB_SetDevSpeed
 .text.USB_DevDisconnect
                0x08006932       0x42 ./Drivers/STM32L4xx_HAL_Driver/Src/stm32l4xx_ll_usb.o
                0x08006932                USB_DevDisconnect
 .text.USB_GetMode
                0x08006974       0x1c ./Drivers/STM32L4xx_HAL_Driver/Src/stm32l4xx_ll_usb.o
                0x08006974                USB_GetMode
 .text.USB_CoreReset
                0x08006990       0x62 ./Drivers/STM32L4xx_HAL_Driver/Src/stm32l4xx_ll_usb.o
 *fill*         0x080069f2        0x2 
 .text.funchad33.constprop.0
                0x080069f4       0x20 C:\Users\SRI VENKATESWARA AGE\OneDrive\Desktop\nano_edge_ai\tem_lee\NEAI_Lib\Lib\libneai.a(NanoEdgeAI.o)
 .text.neai_anomalydetection_init
                0x08006a14       0xb0 C:\Users\SRI VENKATESWARA AGE\OneDrive\Desktop\nano_edge_ai\tem_lee\NEAI_Lib\Lib\libneai.a(NanoEdgeAI.o)
                0x08006a14                neai_anomalydetection_init
 *fill*         0x08006ac4        0x4 
 .text.neai_anomalydetection_learn
                0x08006ac8      0x1e8 C:\Users\SRI VENKATESWARA AGE\OneDrive\Desktop\nano_edge_ai\tem_lee\NEAI_Lib\Lib\libneai.a(NanoEdgeAI.o)
                0x08006ac8                neai_anomalydetection_learn
 .text.neai_anomalydetection_detect
                0x08006cb0      0x250 C:\Users\SRI VENKATESWARA AGE\OneDrive\Desktop\nano_edge_ai\tem_lee\NEAI_Lib\Lib\libneai.a(NanoEdgeAI.o)
                0x08006cb0                neai_anomalydetection_detect
 .text.sprintf  0x08006f00       0x40 C:/ST/STM32CubeIDE_1.14.0/STM32CubeIDE/plugins/com.st.stm32cube.ide.mcu.externaltools.gnu-tools-for-stm32.12.3.rel1.win32_1.0.200.202406191623/tools/bin/../lib/gcc/arm-none-eabi/12.3.1/../../../../arm-none-eabi/lib/thumb/v7e-m+fp/hard\libc_nano.a(libc_a-sprintf.o)
                0x08006f00                siprintf
                0x08006f00                sprintf
 .text.memset   0x08006f40       0x10 C:/ST/STM32CubeIDE_1.14.0/STM32CubeIDE/plugins/com.st.stm32cube.ide.mcu.externaltools.gnu-tools-for-stm32.12.3.rel1.win32_1.0.200.202406191623/tools/bin/../lib/gcc/arm-none-eabi/12.3.1/../../../../arm-none-eabi/lib/thumb/v7e-m+fp/hard\libc_nano.a(libc_a-memset.o)
                0x08006f40                memset
 .text.__errno  0x08006f50        0xc C:/ST/STM32CubeIDE_1.14.0/STM32CubeIDE/plugins/com.st.stm32cube.ide.mcu.externaltools.gnu-tools-for-stm32.12.3.rel1.win32_1.0.200.202406191623/tools/bin/../lib/gcc/arm-none-eabi/12.3.1/../../../../arm-none-eabi/lib/thumb/v7e-m+fp/hard\libc_nano.a(libc_a-errno.o)
                0x08006f50                __errno
 .text.__libc_init_array
                0x08006f5c       0x48 C:/ST/STM32CubeIDE_1.14.0/STM32CubeIDE/plugins/com.st.stm32cube.ide.mcu.externaltools.gnu-tools-for-stm32.12.3.rel1.win32_1.0.200.202406191623/tools/bin/../lib/gcc/arm-none-eabi/12.3.1/../../../../arm-none-eabi/lib/thumb/v7e-m+fp/hard\libc_nano.a(libc_a-init.o)
                0x08006f5c                __libc_init_array
 .text.__retarget_lock_acquire_recursive
                0x08006fa4        0x2 C:/ST/STM32CubeIDE_1.14.0/STM32CubeIDE/plugins/com.st.stm32cube.ide.mcu.externaltools.gnu-tools-for-stm32.12.3.rel1.win32_1.0.200.202406191623/tools/bin/../lib/gcc/arm-none-eabi/12.3.1/../../../../arm-none-eabi/lib/thumb/v7e-m+fp/hard\libc_nano.a(libc_a-lock.o)
                0x08006fa4                __retarget_lock_acquire_recursive
 .text.__retarget_lock_release_recursive
                0x08006fa6        0x2 C:/ST/STM32CubeIDE_1.14.0/STM32CubeIDE/plugins/com.st.stm32cube.ide.mcu.externaltools.gnu-tools-for-stm32.12.3.rel1.win32_1.0.200.202406191623/tools/bin/../lib/gcc/arm-none-eabi/12.3.1/../../../../arm-none-eabi/lib/thumb/v7e-m+fp/hard\libc_nano.a(libc_a-lock.o)
                0x08006fa6                __retarget_lock_release_recursive
 .text.memcpy   0x08006fa8       0x1c C:/ST/STM32CubeIDE_1.14.0/STM32CubeIDE/plugins/com.st.stm32cube.ide.mcu.externaltools.gnu-tools-for-stm32.12.3.rel1.win32_1.0.200.202406191623/tools/bin/../lib/gcc/arm-none-eabi/12.3.1/../../../../arm-none-eabi/lib/thumb/v7e-m+fp/hard\libc_nano.a(libc_a-memcpy-stub.o)
                0x08006fa8                memcpy
 .text._free_r  0x08006fc4       0x94 C:/ST/STM32CubeIDE_1.14.0/STM32CubeIDE/plugins/com.st.stm32cube.ide.mcu.externaltools.gnu-tools-for-stm32.12.3.rel1.win32_1.0.200.202406191623/tools/bin/../lib/gcc/arm-none-eabi/12.3.1/../../../../arm-none-eabi/lib/thumb/v7e-m+fp/hard\libc_nano.a(libc_a-freer.o)
                0x08006fc4                _free_r
 .text.sbrk_aligned
                0x08007058       0x44 C:/ST/STM32CubeIDE_1.14.0/STM32CubeIDE/plugins/com.st.stm32cube.ide.mcu.externaltools.gnu-tools-for-stm32.12.3.rel1.win32_1.0.200.202406191623/tools/bin/../lib/gcc/arm-none-eabi/12.3.1/../../../../arm-none-eabi/lib/thumb/v7e-m+fp/hard\libc_nano.a(libc_a-mallocr.o)
 .text._malloc_r
                0x0800709c      0x100 C:/ST/STM32CubeIDE_1.14.0/STM32CubeIDE/plugins/com.st.stm32cube.ide.mcu.externaltools.gnu-tools-for-stm32.12.3.rel1.win32_1.0.200.202406191623/tools/bin/../lib/gcc/arm-none-eabi/12.3.1/../../../../arm-none-eabi/lib/thumb/v7e-m+fp/hard\libc_nano.a(libc_a-mallocr.o)
                0x0800709c                _malloc_r
 .text.__malloc_lock
                0x0800719c        0xc C:/ST/STM32CubeIDE_1.14.0/STM32CubeIDE/plugins/com.st.stm32cube.ide.mcu.externaltools.gnu-tools-for-stm32.12.3.rel1.win32_1.0.200.202406191623/tools/bin/../lib/gcc/arm-none-eabi/12.3.1/../../../../arm-none-eabi/lib/thumb/v7e-m+fp/hard\libc_nano.a(libc_a-mlock.o)
                0x0800719c                __malloc_lock
 .text.__malloc_unlock
                0x080071a8        0xc C:/ST/STM32CubeIDE_1.14.0/STM32CubeIDE/plugins/com.st.stm32cube.ide.mcu.externaltools.gnu-tools-for-stm32.12.3.rel1.win32_1.0.200.202406191623/tools/bin/../lib/gcc/arm-none-eabi/12.3.1/../../../../arm-none-eabi/lib/thumb/v7e-m+fp/hard\libc_nano.a(libc_a-mlock.o)
                0x080071a8                __malloc_unlock
 .text.__ssputs_r
                0x080071b4       0xb6 C:/ST/STM32CubeIDE_1.14.0/STM32CubeIDE/plugins/com.st.stm32cube.ide.mcu.externaltools.gnu-tools-for-stm32.12.3.rel1.win32_1.0.200.202406191623/tools/bin/../lib/gcc/arm-none-eabi/12.3.1/../../../../arm-none-eabi/lib/thumb/v7e-m+fp/hard\libc_nano.a(libc_a-nano-svfprintf.o)
                0x080071b4                __ssputs_r
 *fill*         0x0800726a        0x2 
 .text._svfprintf_r
                0x0800726c      0x1f8 C:/ST/STM32CubeIDE_1.14.0/STM32CubeIDE/plugins/com.st.stm32cube.ide.mcu.externaltools.gnu-tools-for-stm32.12.3.rel1.win32_1.0.200.202406191623/tools/bin/../lib/gcc/arm-none-eabi/12.3.1/../../../../arm-none-eabi/lib/thumb/v7e-m+fp/hard\libc_nano.a(libc_a-nano-svfprintf.o)
                0x0800726c                _svfiprintf_r
                0x0800726c                _svfprintf_r
 .text._printf_common
                0x08007464       0xda C:/ST/STM32CubeIDE_1.14.0/STM32CubeIDE/plugins/com.st.stm32cube.ide.mcu.externaltools.gnu-tools-for-stm32.12.3.rel1.win32_1.0.200.202406191623/tools/bin/../lib/gcc/arm-none-eabi/12.3.1/../../../../arm-none-eabi/lib/thumb/v7e-m+fp/hard\libc_nano.a(libc_a-nano-vfprintf_i.o)
                0x08007464                _printf_common
 *fill*         0x0800753e        0x2 
 .text._printf_i
                0x08007540      0x240 C:/ST/STM32CubeIDE_1.14.0/STM32CubeIDE/plugins/com.st.stm32cube.ide.mcu.externaltools.gnu-tools-for-stm32.12.3.rel1.win32_1.0.200.202406191623/tools/bin/../lib/gcc/arm-none-eabi/12.3.1/../../../../arm-none-eabi/lib/thumb/v7e-m+fp/hard\libc_nano.a(libc_a-nano-vfprintf_i.o)
                0x08007540                _printf_i
 .text.memmove  0x08007780       0x34 C:/ST/STM32CubeIDE_1.14.0/STM32CubeIDE/plugins/com.st.stm32cube.ide.mcu.externaltools.gnu-tools-for-stm32.12.3.rel1.win32_1.0.200.202406191623/tools/bin/../lib/gcc/arm-none-eabi/12.3.1/../../../../arm-none-eabi/lib/thumb/v7e-m+fp/hard\libc_nano.a(libc_a-memmove.o)
                0x08007780                memmove
 .text._sbrk_r  0x080077b4       0x20 C:/ST/STM32CubeIDE_1.14.0/STM32CubeIDE/plugins/com.st.stm32cube.ide.mcu.externaltools.gnu-tools-for-stm32.12.3.rel1.win32_1.0.200.202406191623/tools/bin/../lib/gcc/arm-none-eabi/12.3.1/../../../../arm-none-eabi/lib/thumb/v7e-m+fp/hard\libc_nano.a(libc_a-sbrkr.o)
                0x080077b4                _sbrk_r
 .text._realloc_r
                0x080077d4       0x5c C:/ST/STM32CubeIDE_1.14.0/STM32CubeIDE/plugins/com.st.stm32cube.ide.mcu.externaltools.gnu-tools-for-stm32.12.3.rel1.win32_1.0.200.202406191623/tools/bin/../lib/gcc/arm-none-eabi/12.3.1/../../../../arm-none-eabi/lib/thumb/v7e-m+fp/hard\libc_nano.a(libc_a-reallocr.o)
                0x080077d4                _realloc_r
 .text._malloc_usable_size_r
                0x08007830       0x10 C:/ST/STM32CubeIDE_1.14.0/STM32CubeIDE/plugins/com.st.stm32cube.ide.mcu.externaltools.gnu-tools-for-stm32.12.3.rel1.win32_1.0.200.202406191623/tools/bin/../lib/gcc/arm-none-eabi/12.3.1/../../../../arm-none-eabi/lib/thumb/v7e-m+fp/hard\libc_nano.a(libc_a-msizer.o)
                0x08007830                _malloc_usable_size_r
 .text.fmax     0x08007840       0x54 C:/ST/STM32CubeIDE_1.14.0/STM32CubeIDE/plugins/com.st.stm32cube.ide.mcu.externaltools.gnu-tools-for-stm32.12.3.rel1.win32_1.0.200.202406191623/tools/bin/../lib/gcc/arm-none-eabi/12.3.1/../../../../arm-none-eabi/lib/thumb/v7e-m+fp/hard\libm.a(libm_a-s_fmax.o)
                0x08007840                fmax
 .text.__fpclassifyd
                0x08007894       0x54 C:/ST/STM32CubeIDE_1.14.0/STM32CubeIDE/plugins/com.st.stm32cube.ide.mcu.externaltools.gnu-tools-for-stm32.12.3.rel1.win32_1.0.200.202406191623/tools/bin/../lib/gcc/arm-none-eabi/12.3.1/../../../../arm-none-eabi/lib/thumb/v7e-m+fp/hard\libm.a(libm_a-s_fpclassify.o)
                0x08007894                __fpclassifyd
 .text.fminf    0x080078e8       0x3a C:/ST/STM32CubeIDE_1.14.0/STM32CubeIDE/plugins/com.st.stm32cube.ide.mcu.externaltools.gnu-tools-for-stm32.12.3.rel1.win32_1.0.200.202406191623/tools/bin/../lib/gcc/arm-none-eabi/12.3.1/../../../../arm-none-eabi/lib/thumb/v7e-m+fp/hard\libm.a(libm_a-sf_fmin.o)
                0x080078e8                fminf
 *fill*         0x08007922        0x2 
 .text.__fpclassifyf
                0x08007924       0x38 C:/ST/STM32CubeIDE_1.14.0/STM32CubeIDE/plugins/com.st.stm32cube.ide.mcu.externaltools.gnu-tools-for-stm32.12.3.rel1.win32_1.0.200.202406191623/tools/bin/../lib/gcc/arm-none-eabi/12.3.1/../../../../arm-none-eabi/lib/thumb/v7e-m+fp/hard\libm.a(libm_a-sf_fpclassify.o)
                0x08007924                __fpclassifyf
 *(.glue_7)
 .glue_7        0x0800795c        0x0 linker stubs
 *(.glue_7t)
 .glue_7t       0x0800795c        0x0 linker stubs
 *(.eh_frame)
 .eh_frame      0x0800795c        0x0 C:/ST/STM32CubeIDE_1.14.0/STM32CubeIDE/plugins/com.st.stm32cube.ide.mcu.externaltools.gnu-tools-for-stm32.12.3.rel1.win32_1.0.200.202406191623/tools/bin/../lib/gcc/arm-none-eabi/12.3.1/thumb/v7e-m+fp/hard/crtbegin.o
 *(.init)
 .init          0x0800795c        0x4 C:/ST/STM32CubeIDE_1.14.0/STM32CubeIDE/plugins/com.st.stm32cube.ide.mcu.externaltools.gnu-tools-for-stm32.12.3.rel1.win32_1.0.200.202406191623/tools/bin/../lib/gcc/arm-none-eabi/12.3.1/thumb/v7e-m+fp/hard/crti.o
                0x0800795c                _init
 .init          0x08007960        0x8 C:/ST/STM32CubeIDE_1.14.0/STM32CubeIDE/plugins/com.st.stm32cube.ide.mcu.externaltools.gnu-tools-for-stm32.12.3.rel1.win32_1.0.200.202406191623/tools/bin/../lib/gcc/arm-none-eabi/12.3.1/thumb/v7e-m+fp/hard/crtn.o
 *(.fini)
 .fini          0x08007968        0x4 C:/ST/STM32CubeIDE_1.14.0/STM32CubeIDE/plugins/com.st.stm32cube.ide.mcu.externaltools.gnu-tools-for-stm32.12.3.rel1.win32_1.0.200.202406191623/tools/bin/../lib/gcc/arm-none-eabi/12.3.1/thumb/v7e-m+fp/hard/crti.o
                0x08007968                _fini
 .fini          0x0800796c        0x8 C:/ST/STM32CubeIDE_1.14.0/STM32CubeIDE/plugins/com.st.stm32cube.ide.mcu.externaltools.gnu-tools-for-stm32.12.3.rel1.win32_1.0.200.202406191623/tools/bin/../lib/gcc/arm-none-eabi/12.3.1/thumb/v7e-m+fp/hard/crtn.o
                0x08007974                        . = ALIGN (0x4)
                0x08007974                        _etext = .

.vfp11_veneer   0x08007974        0x0
 .vfp11_veneer  0x08007974        0x0 linker stubs

.v4_bx          0x08007974        0x0
 .v4_bx         0x08007974        0x0 linker stubs

.iplt           0x08007974        0x0
 .iplt          0x08007974        0x0 C:/ST/STM32CubeIDE_1.14.0/STM32CubeIDE/plugins/com.st.stm32cube.ide.mcu.externaltools.gnu-tools-for-stm32.12.3.rel1.win32_1.0.200.202406191623/tools/bin/../lib/gcc/arm-none-eabi/12.3.1/thumb/v7e-m+fp/hard/crtbegin.o

.rodata         0x08007974       0xe4
                0x08007974                        . = ALIGN (0x4)
 *(.rodata)
 .rodata        0x08007974       0x66 ./Core/Src/main.o
 *(.rodata*)
 *fill*         0x080079da        0x2 
 .rodata.AHBPrescTable
                0x080079dc       0x10 ./Core/Src/system_stm32l4xx.o
                0x080079dc                AHBPrescTable
 .rodata.APBPrescTable
                0x080079ec        0x8 ./Core/Src/system_stm32l4xx.o
                0x080079ec                APBPrescTable
 .rodata.MSIRangeTable
                0x080079f4       0x30 ./Core/Src/system_stm32l4xx.o
                0x080079f4                MSIRangeTable
 .rodata._svfprintf_r.str1.1
                0x08007a24       0x11 C:/ST/STM32CubeIDE_1.14.0/STM32CubeIDE/plugins/com.st.stm32cube.ide.mcu.externaltools.gnu-tools-for-stm32.12.3.rel1.win32_1.0.200.202406191623/tools/bin/../lib/gcc/arm-none-eabi/12.3.1/../../../../arm-none-eabi/lib/thumb/v7e-m+fp/hard\libc_nano.a(libc_a-nano-svfprintf.o)
 .rodata._printf_i.str1.1
                0x08007a35       0x22 C:/ST/STM32CubeIDE_1.14.0/STM32CubeIDE/plugins/com.st.stm32cube.ide.mcu.externaltools.gnu-tools-for-stm32.12.3.rel1.win32_1.0.200.202406191623/tools/bin/../lib/gcc/arm-none-eabi/12.3.1/../../../../arm-none-eabi/lib/thumb/v7e-m+fp/hard\libc_nano.a(libc_a-nano-vfprintf_i.o)
                0x08007a58                        . = ALIGN (0x4)
 *fill*         0x08007a57        0x1 

.ARM.extab      0x08007a58        0x0
                0x08007a58                        . = ALIGN (0x4)
 *(.ARM.extab* .gnu.linkonce.armextab.*)
                0x08007a58                        . = ALIGN (0x4)

.ARM            0x08007a58        0x8
                0x08007a58                        . = ALIGN (0x4)
                0x08007a58                        __exidx_start = .
 *(.ARM.exidx*)
 .ARM.exidx     0x08007a58        0x8 C:/ST/STM32CubeIDE_1.14.0/STM32CubeIDE/plugins/com.st.stm32cube.ide.mcu.externaltools.gnu-tools-for-stm32.12.3.rel1.win32_1.0.200.202406191623/tools/bin/../lib/gcc/arm-none-eabi/12.3.1/../../../../arm-none-eabi/lib/thumb/v7e-m+fp/hard\libc_nano.a(libc_a-strlen.o)
 .ARM.exidx     0x08007a60        0x0 C:/ST/STM32CubeIDE_1.14.0/STM32CubeIDE/plugins/com.st.stm32cube.ide.mcu.externaltools.gnu-tools-for-stm32.12.3.rel1.win32_1.0.200.202406191623/tools/bin/../lib/gcc/arm-none-eabi/12.3.1/../../../../arm-none-eabi/lib/thumb/v7e-m+fp/hard\libc_nano.a(libc_a-memchr.o)
                                  0x8 (size before relaxing)
 .ARM.exidx     0x08007a60        0x0 C:/ST/STM32CubeIDE_1.14.0/STM32CubeIDE/plugins/com.st.stm32cube.ide.mcu.externaltools.gnu-tools-for-stm32.12.3.rel1.win32_1.0.200.202406191623/tools/bin/../lib/gcc/arm-none-eabi/12.3.1/thumb/v7e-m+fp/hard\libgcc.a(_udivmoddi4.o)
                                  0x8 (size before relaxing)
                0x08007a60                        __exidx_end = .
                0x08007a60                        . = ALIGN (0x4)

.preinit_array  0x08007a60        0x0
                0x08007a60                        . = ALIGN (0x4)
                0x08007a60                        PROVIDE (__preinit_array_start = .)
 *(.preinit_array*)
                0x08007a60                        PROVIDE (__preinit_array_end = .)
                0x08007a60                        . = ALIGN (0x4)

.init_array     0x08007a60        0x4
                0x08007a60                        . = ALIGN (0x4)
                0x08007a60                        PROVIDE (__init_array_start = .)
 *(SORT_BY_NAME(.init_array.*))
 *(.init_array*)
 .init_array    0x08007a60        0x4 C:/ST/STM32CubeIDE_1.14.0/STM32CubeIDE/plugins/com.st.stm32cube.ide.mcu.externaltools.gnu-tools-for-stm32.12.3.rel1.win32_1.0.200.202406191623/tools/bin/../lib/gcc/arm-none-eabi/12.3.1/thumb/v7e-m+fp/hard/crtbegin.o
                0x08007a64                        PROVIDE (__init_array_end = .)
                0x08007a64                        . = ALIGN (0x4)

.fini_array     0x08007a64        0x4
                0x08007a64                        . = ALIGN (0x4)
                [!provide]                        PROVIDE (__fini_array_start = .)
 *(SORT_BY_NAME(.fini_array.*))
 *(.fini_array*)
 .fini_array    0x08007a64        0x4 C:/ST/STM32CubeIDE_1.14.0/STM32CubeIDE/plugins/com.st.stm32cube.ide.mcu.externaltools.gnu-tools-for-stm32.12.3.rel1.win32_1.0.200.202406191623/tools/bin/../lib/gcc/arm-none-eabi/12.3.1/thumb/v7e-m+fp/hard/crtbegin.o
                [!provide]                        PROVIDE (__fini_array_end = .)
                0x08007a68                        . = ALIGN (0x4)
                0x08007a68                        _sidata = LOADADDR (.data)

.rel.dyn        0x08007a68        0x0
 .rel.iplt      0x08007a68        0x0 C:/ST/STM32CubeIDE_1.14.0/STM32CubeIDE/plugins/com.st.stm32cube.ide.mcu.externaltools.gnu-tools-for-stm32.12.3.rel1.win32_1.0.200.202406191623/tools/bin/../lib/gcc/arm-none-eabi/12.3.1/thumb/v7e-m+fp/hard/crtbegin.o

.data           0x20000000       0x70 load address 0x08007a68
                0x20000000                        . = ALIGN (0x4)
                0x20000000                        _sdata = .
 *(.data)
 *(.data*)
 .data.SystemCoreClock
                0x20000000        0x4 ./Core/Src/system_stm32l4xx.o
                0x20000000                SystemCoreClock
 .data.HTS221_T_Drv
                0x20000004       0x10 ./Drivers/Components/hts221/hts221.o
                0x20000004                HTS221_T_Drv
 .data.uwTickPrio
                0x20000014        0x4 ./Drivers/STM32L4xx_HAL_Driver/Src/stm32l4xx_hal.o
                0x20000014                uwTickPrio
 .data.uwTickFreq
                0x20000018        0x1 ./Drivers/STM32L4xx_HAL_Driver/Src/stm32l4xx_hal.o
                0x20000018                uwTickFreq
 *fill*         0x20000019        0x3 
 .data.funccad40
                0x2000001c        0x4 C:\Users\SRI VENKATESWARA AGE\OneDrive\Desktop\nano_edge_ai\tem_lee\NEAI_Lib\Lib\libneai.a(NanoEdgeAI.o)
 .data._impure_ptr
                0x20000020        0x4 C:/ST/STM32CubeIDE_1.14.0/STM32CubeIDE/plugins/com.st.stm32cube.ide.mcu.externaltools.gnu-tools-for-stm32.12.3.rel1.win32_1.0.200.202406191623/tools/bin/../lib/gcc/arm-none-eabi/12.3.1/../../../../arm-none-eabi/lib/thumb/v7e-m+fp/hard\libc_nano.a(libc_a-impure.o)
                0x20000020                _impure_ptr
 .data._impure_data
                0x20000024       0x4c C:/ST/STM32CubeIDE_1.14.0/STM32CubeIDE/plugins/com.st.stm32cube.ide.mcu.externaltools.gnu-tools-for-stm32.12.3.rel1.win32_1.0.200.202406191623/tools/bin/../lib/gcc/arm-none-eabi/12.3.1/../../../../arm-none-eabi/lib/thumb/v7e-m+fp/hard\libc_nano.a(libc_a-impure.o)
                0x20000024                _impure_data
 *(.RamFunc)
 *(.RamFunc*)
                0x20000070                        . = ALIGN (0x4)
                0x20000070                        _edata = .

.igot.plt       0x20000070        0x0 load address 0x08007ad8
 .igot.plt      0x20000070        0x0 C:/ST/STM32CubeIDE_1.14.0/STM32CubeIDE/plugins/com.st.stm32cube.ide.mcu.externaltools.gnu-tools-for-stm32.12.3.rel1.win32_1.0.200.202406191623/tools/bin/../lib/gcc/arm-none-eabi/12.3.1/thumb/v7e-m+fp/hard/crtbegin.o

.neai           0x20000070       0x34 load address 0x08007ad8
 .neai          0x20000070       0x34 C:\Users\SRI VENKATESWARA AGE\OneDrive\Desktop\nano_edge_ai\tem_lee\NEAI_Lib\Lib\libneai.a(NanoEdgeAI.o)
                0x200000a4                        . = ALIGN (0x4)

.bss            0x200000a4      0x97c load address 0x08007b0c
                0x200000a4                        _sbss = .
                0x200000a4                        __bss_start__ = _sbss
 *(.bss)
 .bss           0x200000a4       0x1c C:/ST/STM32CubeIDE_1.14.0/STM32CubeIDE/plugins/com.st.stm32cube.ide.mcu.externaltools.gnu-tools-for-stm32.12.3.rel1.win32_1.0.200.202406191623/tools/bin/../lib/gcc/arm-none-eabi/12.3.1/thumb/v7e-m+fp/hard/crtbegin.o
 *(.bss*)
 .bss.hdfsdm1_channel1
                0x200000c0       0x38 ./Core/Src/main.o
                0x200000c0                hdfsdm1_channel1
 .bss.hi2c1     0x200000f8       0x54 ./Core/Src/main.o
                0x200000f8                hi2c1
 .bss.hi2c2     0x2000014c       0x54 ./Core/Src/main.o
                0x2000014c                hi2c2
 .bss.hqspi     0x200001a0       0x44 ./Core/Src/main.o
                0x200001a0                hqspi
 .bss.hspi3     0x200001e4       0x64 ./Core/Src/main.o
                0x200001e4                hspi3
 .bss.huart1    0x20000248       0x88 ./Core/Src/main.o
                0x20000248                huart1
 .bss.huart3    0x200002d0       0x88 ./Core/Src/main.o
                0x200002d0                huart3
 .bss.hpcd_USB_OTG_FS
                0x20000358      0x4e4 ./Core/Src/main.o
                0x20000358                hpcd_USB_OTG_FS
 .bss.input_user_buffer
                0x2000083c        0x4 ./Core/Src/main.o
                0x2000083c                input_user_buffer
 .bss.similarity
                0x20000840        0x1 ./Core/Src/main.o
                0x20000840                similarity
 *fill*         0x20000841        0x3 
 .bss.temp_value
                0x20000844        0x4 ./Core/Src/main.o
                0x20000844                temp_value
 .bss.DFSDM1_Init
                0x20000848        0x4 ./Core/Src/stm32l4xx_hal_msp.o
 .bss.__sbrk_heap_end
                0x2000084c        0x4 ./Core/Src/sysmem.o
 .bss.hI2cHandler
                0x20000850       0x54 ./Drivers/B-L475E-IOT01/stm32l475e_iot01.o
                0x20000850                hI2cHandler
 .bss.tsensor_drv
                0x200008a4        0x4 ./Drivers/B-L475E-IOT01/stm32l475e_iot01_tsensor.o
 .bss.uwTick    0x200008a8        0x4 ./Drivers/STM32L4xx_HAL_Driver/Src/stm32l4xx_hal.o
                0x200008a8                uwTick
 .bss.v_dfsdm1ChannelCounter
                0x200008ac        0x4 ./Drivers/STM32L4xx_HAL_Driver/Src/stm32l4xx_hal_dfsdm.o
 .bss.a_dfsdm1ChannelHandle
                0x200008b0       0x20 ./Drivers/STM32L4xx_HAL_Driver/Src/stm32l4xx_hal_dfsdm.o
 .bss.funccad35
                0x200008d0        0x4 C:\Users\SRI VENKATESWARA AGE\OneDrive\Desktop\nano_edge_ai\tem_lee\NEAI_Lib\Lib\libneai.a(NanoEdgeAI.o)
 .bss.varcad24  0x200008d4        0x4 C:\Users\SRI VENKATESWARA AGE\OneDrive\Desktop\nano_edge_ai\tem_lee\NEAI_Lib\Lib\libneai.a(NanoEdgeAI.o)
 .bss.__sf      0x200008d8      0x138 C:/ST/STM32CubeIDE_1.14.0/STM32CubeIDE/plugins/com.st.stm32cube.ide.mcu.externaltools.gnu-tools-for-stm32.12.3.rel1.win32_1.0.200.202406191623/tools/bin/../lib/gcc/arm-none-eabi/12.3.1/../../../../arm-none-eabi/lib/thumb/v7e-m+fp/hard\libc_nano.a(libc_a-findfp.o)
                0x200008d8                __sf
 .bss.errno     0x20000a10        0x4 C:/ST/STM32CubeIDE_1.14.0/STM32CubeIDE/plugins/com.st.stm32cube.ide.mcu.externaltools.gnu-tools-for-stm32.12.3.rel1.win32_1.0.200.202406191623/tools/bin/../lib/gcc/arm-none-eabi/12.3.1/../../../../arm-none-eabi/lib/thumb/v7e-m+fp/hard\libc_nano.a(libc_a-reent.o)
                0x20000a10                errno
 .bss.__lock___malloc_recursive_mutex
                0x20000a14        0x1 C:/ST/STM32CubeIDE_1.14.0/STM32CubeIDE/plugins/com.st.stm32cube.ide.mcu.externaltools.gnu-tools-for-stm32.12.3.rel1.win32_1.0.200.202406191623/tools/bin/../lib/gcc/arm-none-eabi/12.3.1/../../../../arm-none-eabi/lib/thumb/v7e-m+fp/hard\libc_nano.a(libc_a-lock.o)
                0x20000a14                __lock___malloc_recursive_mutex
 *fill*         0x20000a15        0x3 
 .bss.__malloc_sbrk_start
                0x20000a18        0x4 C:/ST/STM32CubeIDE_1.14.0/STM32CubeIDE/plugins/com.st.stm32cube.ide.mcu.externaltools.gnu-tools-for-stm32.12.3.rel1.win32_1.0.200.202406191623/tools/bin/../lib/gcc/arm-none-eabi/12.3.1/../../../../arm-none-eabi/lib/thumb/v7e-m+fp/hard\libc_nano.a(libc_a-mallocr.o)
                0x20000a18                __malloc_sbrk_start
 .bss.__malloc_free_list
                0x20000a1c        0x4 C:/ST/STM32CubeIDE_1.14.0/STM32CubeIDE/plugins/com.st.stm32cube.ide.mcu.externaltools.gnu-tools-for-stm32.12.3.rel1.win32_1.0.200.202406191623/tools/bin/../lib/gcc/arm-none-eabi/12.3.1/../../../../arm-none-eabi/lib/thumb/v7e-m+fp/hard\libc_nano.a(libc_a-mallocr.o)
                0x20000a1c                __malloc_free_list
 *(COMMON)
                0x20000a20                        . = ALIGN (0x4)
                0x20000a20                        _ebss = .
                0x20000a20                        __bss_end__ = _ebss

._user_heap_stack
                0x20000a20      0x600 load address 0x08007b0c
                0x20000a20                        . = ALIGN (0x8)
                [!provide]                        PROVIDE (end = .)
                0x20000a20                        PROVIDE (_end = .)
                0x20000c20                        . = (. + _Min_Heap_Size)
 *fill*         0x20000a20      0x200 
                0x20001020                        . = (. + _Min_Stack_Size)
 *fill*         0x20000c20      0x400 
                0x20001020                        . = ALIGN (0x8)

/DISCARD/
 libc.a(*)
 libm.a(*)
 libgcc.a(*)

.ARM.attributes
                0x00000000       0x30
 *(.ARM.attributes)
 .ARM.attributes
                0x00000000       0x22 C:/ST/STM32CubeIDE_1.14.0/STM32CubeIDE/plugins/com.st.stm32cube.ide.mcu.externaltools.gnu-tools-for-stm32.12.3.rel1.win32_1.0.200.202406191623/tools/bin/../lib/gcc/arm-none-eabi/12.3.1/thumb/v7e-m+fp/hard/crti.o
 .ARM.attributes
                0x00000022       0x34 C:/ST/STM32CubeIDE_1.14.0/STM32CubeIDE/plugins/com.st.stm32cube.ide.mcu.externaltools.gnu-tools-for-stm32.12.3.rel1.win32_1.0.200.202406191623/tools/bin/../lib/gcc/arm-none-eabi/12.3.1/thumb/v7e-m+fp/hard/crtbegin.o
 .ARM.attributes
                0x00000056       0x34 ./Core/Src/main.o
 .ARM.attributes
                0x0000008a       0x34 ./Core/Src/stm32l4xx_hal_msp.o
 .ARM.attributes
                0x000000be       0x34 ./Core/Src/stm32l4xx_it.o
 .ARM.attributes
                0x000000f2       0x34 ./Core/Src/sysmem.o
 .ARM.attributes
                0x00000126       0x34 ./Core/Src/system_stm32l4xx.o
 .ARM.attributes
                0x0000015a       0x21 ./Core/Startup/startup_stm32l475vgtx.o
 .ARM.attributes
                0x0000017b       0x34 ./Drivers/B-L475E-IOT01/stm32l475e_iot01.o
 .ARM.attributes
                0x000001af       0x34 ./Drivers/B-L475E-IOT01/stm32l475e_iot01_tsensor.o
 .ARM.attributes
                0x000001e3       0x34 ./Drivers/Components/hts221/hts221.o
 .ARM.attributes
                0x00000217       0x34 ./Drivers/STM32L4xx_HAL_Driver/Src/stm32l4xx_hal.o
 .ARM.attributes
                0x0000024b       0x34 ./Drivers/STM32L4xx_HAL_Driver/Src/stm32l4xx_hal_cortex.o
 .ARM.attributes
                0x0000027f       0x34 ./Drivers/STM32L4xx_HAL_Driver/Src/stm32l4xx_hal_dfsdm.o
 .ARM.attributes
                0x000002b3       0x34 ./Drivers/STM32L4xx_HAL_Driver/Src/stm32l4xx_hal_gpio.o
 .ARM.attributes
                0x000002e7       0x34 ./Drivers/STM32L4xx_HAL_Driver/Src/stm32l4xx_hal_i2c.o
 .ARM.attributes
                0x0000031b       0x34 ./Drivers/STM32L4xx_HAL_Driver/Src/stm32l4xx_hal_i2c_ex.o
 .ARM.attributes
                0x0000034f       0x34 ./Drivers/STM32L4xx_HAL_Driver/Src/stm32l4xx_hal_pcd.o
 .ARM.attributes
                0x00000383       0x34 ./Drivers/STM32L4xx_HAL_Driver/Src/stm32l4xx_hal_pcd_ex.o
 .ARM.attributes
                0x000003b7       0x34 ./Drivers/STM32L4xx_HAL_Driver/Src/stm32l4xx_hal_pwr.o
 .ARM.attributes
                0x000003eb       0x34 ./Drivers/STM32L4xx_HAL_Driver/Src/stm32l4xx_hal_pwr_ex.o
 .ARM.attributes
                0x0000041f       0x34 ./Drivers/STM32L4xx_HAL_Driver/Src/stm32l4xx_hal_qspi.o
 .ARM.attributes
                0x00000453       0x34 ./Drivers/STM32L4xx_HAL_Driver/Src/stm32l4xx_hal_rcc.o
 .ARM.attributes
                0x00000487       0x34 ./Drivers/STM32L4xx_HAL_Driver/Src/stm32l4xx_hal_rcc_ex.o
 .ARM.attributes
                0x000004bb       0x34 ./Drivers/STM32L4xx_HAL_Driver/Src/stm32l4xx_hal_spi.o
 .ARM.attributes
                0x000004ef       0x34 ./Drivers/STM32L4xx_HAL_Driver/Src/stm32l4xx_hal_uart.o
 .ARM.attributes
                0x00000523       0x34 ./Drivers/STM32L4xx_HAL_Driver/Src/stm32l4xx_ll_usb.o
 .ARM.attributes
                0x00000557       0x34 C:\Users\SRI VENKATESWARA AGE\OneDrive\Desktop\nano_edge_ai\tem_lee\NEAI_Lib\Lib\libneai.a(NanoEdgeAI.o)
 .ARM.attributes
                0x0000058b       0x34 C:/ST/STM32CubeIDE_1.14.0/STM32CubeIDE/plugins/com.st.stm32cube.ide.mcu.externaltools.gnu-tools-for-stm32.12.3.rel1.win32_1.0.200.202406191623/tools/bin/../lib/gcc/arm-none-eabi/12.3.1/../../../../arm-none-eabi/lib/thumb/v7e-m+fp/hard\libc_nano.a(libc_a-findfp.o)
 .ARM.attributes
                0x000005bf       0x34 C:/ST/STM32CubeIDE_1.14.0/STM32CubeIDE/plugins/com.st.stm32cube.ide.mcu.externaltools.gnu-tools-for-stm32.12.3.rel1.win32_1.0.200.202406191623/tools/bin/../lib/gcc/arm-none-eabi/12.3.1/../../../../arm-none-eabi/lib/thumb/v7e-m+fp/hard\libc_nano.a(libc_a-sprintf.o)
 .ARM.attributes
                0x000005f3       0x34 C:/ST/STM32CubeIDE_1.14.0/STM32CubeIDE/plugins/com.st.stm32cube.ide.mcu.externaltools.gnu-tools-for-stm32.12.3.rel1.win32_1.0.200.202406191623/tools/bin/../lib/gcc/arm-none-eabi/12.3.1/../../../../arm-none-eabi/lib/thumb/v7e-m+fp/hard\libc_nano.a(libc_a-memset.o)
 .ARM.attributes
                0x00000627       0x34 C:/ST/STM32CubeIDE_1.14.0/STM32CubeIDE/plugins/com.st.stm32cube.ide.mcu.externaltools.gnu-tools-for-stm32.12.3.rel1.win32_1.0.200.202406191623/tools/bin/../lib/gcc/arm-none-eabi/12.3.1/../../../../arm-none-eabi/lib/thumb/v7e-m+fp/hard\libc_nano.a(libc_a-reent.o)
 .ARM.attributes
                0x0000065b       0x34 C:/ST/STM32CubeIDE_1.14.0/STM32CubeIDE/plugins/com.st.stm32cube.ide.mcu.externaltools.gnu-tools-for-stm32.12.3.rel1.win32_1.0.200.202406191623/tools/bin/../lib/gcc/arm-none-eabi/12.3.1/../../../../arm-none-eabi/lib/thumb/v7e-m+fp/hard\libc_nano.a(libc_a-impure.o)
 .ARM.attributes
                0x0000068f       0x34 C:/ST/STM32CubeIDE_1.14.0/STM32CubeIDE/plugins/com.st.stm32cube.ide.mcu.externaltools.gnu-tools-for-stm32.12.3.rel1.win32_1.0.200.202406191623/tools/bin/../lib/gcc/arm-none-eabi/12.3.1/../../../../arm-none-eabi/lib/thumb/v7e-m+fp/hard\libc_nano.a(libc_a-errno.o)
 .ARM.attributes
                0x000006c3       0x34 C:/ST/STM32CubeIDE_1.14.0/STM32CubeIDE/plugins/com.st.stm32cube.ide.mcu.externaltools.gnu-tools-for-stm32.12.3.rel1.win32_1.0.200.202406191623/tools/bin/../lib/gcc/arm-none-eabi/12.3.1/../../../../arm-none-eabi/lib/thumb/v7e-m+fp/hard\libc_nano.a(libc_a-init.o)
 .ARM.attributes
                0x000006f7       0x34 C:/ST/STM32CubeIDE_1.14.0/STM32CubeIDE/plugins/com.st.stm32cube.ide.mcu.externaltools.gnu-tools-for-stm32.12.3.rel1.win32_1.0.200.202406191623/tools/bin/../lib/gcc/arm-none-eabi/12.3.1/../../../../arm-none-eabi/lib/thumb/v7e-m+fp/hard\libc_nano.a(libc_a-lock.o)
 .ARM.attributes
                0x0000072b       0x34 C:/ST/STM32CubeIDE_1.14.0/STM32CubeIDE/plugins/com.st.stm32cube.ide.mcu.externaltools.gnu-tools-for-stm32.12.3.rel1.win32_1.0.200.202406191623/tools/bin/../lib/gcc/arm-none-eabi/12.3.1/../../../../arm-none-eabi/lib/thumb/v7e-m+fp/hard\libc_nano.a(libc_a-memcpy-stub.o)
 .ARM.attributes
                0x0000075f       0x17 C:/ST/STM32CubeIDE_1.14.0/STM32CubeIDE/plugins/com.st.stm32cube.ide.mcu.externaltools.gnu-tools-for-stm32.12.3.rel1.win32_1.0.200.202406191623/tools/bin/../lib/gcc/arm-none-eabi/12.3.1/../../../../arm-none-eabi/lib/thumb/v7e-m+fp/hard\libc_nano.a(libc_a-strlen.o)
 .ARM.attributes
                0x00000776       0x34 C:/ST/STM32CubeIDE_1.14.0/STM32CubeIDE/plugins/com.st.stm32cube.ide.mcu.externaltools.gnu-tools-for-stm32.12.3.rel1.win32_1.0.200.202406191623/tools/bin/../lib/gcc/arm-none-eabi/12.3.1/../../../../arm-none-eabi/lib/thumb/v7e-m+fp/hard\libc_nano.a(libc_a-freer.o)
 .ARM.attributes
                0x000007aa       0x34 C:/ST/STM32CubeIDE_1.14.0/STM32CubeIDE/plugins/com.st.stm32cube.ide.mcu.externaltools.gnu-tools-for-stm32.12.3.rel1.win32_1.0.200.202406191623/tools/bin/../lib/gcc/arm-none-eabi/12.3.1/../../../../arm-none-eabi/lib/thumb/v7e-m+fp/hard\libc_nano.a(libc_a-mallocr.o)
 .ARM.attributes
                0x000007de       0x34 C:/ST/STM32CubeIDE_1.14.0/STM32CubeIDE/plugins/com.st.stm32cube.ide.mcu.externaltools.gnu-tools-for-stm32.12.3.rel1.win32_1.0.200.202406191623/tools/bin/../lib/gcc/arm-none-eabi/12.3.1/../../../../arm-none-eabi/lib/thumb/v7e-m+fp/hard\libc_nano.a(libc_a-mlock.o)
 .ARM.attributes
                0x00000812       0x34 C:/ST/STM32CubeIDE_1.14.0/STM32CubeIDE/plugins/com.st.stm32cube.ide.mcu.externaltools.gnu-tools-for-stm32.12.3.rel1.win32_1.0.200.202406191623/tools/bin/../lib/gcc/arm-none-eabi/12.3.1/../../../../arm-none-eabi/lib/thumb/v7e-m+fp/hard\libc_nano.a(libc_a-nano-svfprintf.o)
 .ARM.attributes
                0x00000846       0x34 C:/ST/STM32CubeIDE_1.14.0/STM32CubeIDE/plugins/com.st.stm32cube.ide.mcu.externaltools.gnu-tools-for-stm32.12.3.rel1.win32_1.0.200.202406191623/tools/bin/../lib/gcc/arm-none-eabi/12.3.1/../../../../arm-none-eabi/lib/thumb/v7e-m+fp/hard\libc_nano.a(libc_a-nano-vfprintf_i.o)
 .ARM.attributes
                0x0000087a       0x34 C:/ST/STM32CubeIDE_1.14.0/STM32CubeIDE/plugins/com.st.stm32cube.ide.mcu.externaltools.gnu-tools-for-stm32.12.3.rel1.win32_1.0.200.202406191623/tools/bin/../lib/gcc/arm-none-eabi/12.3.1/../../../../arm-none-eabi/lib/thumb/v7e-m+fp/hard\libc_nano.a(libc_a-memmove.o)
 .ARM.attributes
                0x000008ae       0x34 C:/ST/STM32CubeIDE_1.14.0/STM32CubeIDE/plugins/com.st.stm32cube.ide.mcu.externaltools.gnu-tools-for-stm32.12.3.rel1.win32_1.0.200.202406191623/tools/bin/../lib/gcc/arm-none-eabi/12.3.1/../../../../arm-none-eabi/lib/thumb/v7e-m+fp/hard\libc_nano.a(libc_a-sbrkr.o)
 .ARM.attributes
                0x000008e2       0x1c C:/ST/STM32CubeIDE_1.14.0/STM32CubeIDE/plugins/com.st.stm32cube.ide.mcu.externaltools.gnu-tools-for-stm32.12.3.rel1.win32_1.0.200.202406191623/tools/bin/../lib/gcc/arm-none-eabi/12.3.1/../../../../arm-none-eabi/lib/thumb/v7e-m+fp/hard\libc_nano.a(libc_a-memchr.o)
 .ARM.attributes
                0x000008fe       0x34 C:/ST/STM32CubeIDE_1.14.0/STM32CubeIDE/plugins/com.st.stm32cube.ide.mcu.externaltools.gnu-tools-for-stm32.12.3.rel1.win32_1.0.200.202406191623/tools/bin/../lib/gcc/arm-none-eabi/12.3.1/../../../../arm-none-eabi/lib/thumb/v7e-m+fp/hard\libc_nano.a(libc_a-reallocr.o)
 .ARM.attributes
                0x00000932       0x34 C:/ST/STM32CubeIDE_1.14.0/STM32CubeIDE/plugins/com.st.stm32cube.ide.mcu.externaltools.gnu-tools-for-stm32.12.3.rel1.win32_1.0.200.202406191623/tools/bin/../lib/gcc/arm-none-eabi/12.3.1/../../../../arm-none-eabi/lib/thumb/v7e-m+fp/hard\libc_nano.a(libc_a-msizer.o)
 .ARM.attributes
                0x00000966       0x34 C:/ST/STM32CubeIDE_1.14.0/STM32CubeIDE/plugins/com.st.stm32cube.ide.mcu.externaltools.gnu-tools-for-stm32.12.3.rel1.win32_1.0.200.202406191623/tools/bin/../lib/gcc/arm-none-eabi/12.3.1/../../../../arm-none-eabi/lib/thumb/v7e-m+fp/hard\libm.a(libm_a-s_fmax.o)
 .ARM.attributes
                0x0000099a       0x34 C:/ST/STM32CubeIDE_1.14.0/STM32CubeIDE/plugins/com.st.stm32cube.ide.mcu.externaltools.gnu-tools-for-stm32.12.3.rel1.win32_1.0.200.202406191623/tools/bin/../lib/gcc/arm-none-eabi/12.3.1/../../../../arm-none-eabi/lib/thumb/v7e-m+fp/hard\libm.a(libm_a-s_fpclassify.o)
 .ARM.attributes
                0x000009ce       0x34 C:/ST/STM32CubeIDE_1.14.0/STM32CubeIDE/plugins/com.st.stm32cube.ide.mcu.externaltools.gnu-tools-for-stm32.12.3.rel1.win32_1.0.200.202406191623/tools/bin/../lib/gcc/arm-none-eabi/12.3.1/../../../../arm-none-eabi/lib/thumb/v7e-m+fp/hard\libm.a(libm_a-sf_fmin.o)
 .ARM.attributes
                0x00000a02       0x34 C:/ST/STM32CubeIDE_1.14.0/STM32CubeIDE/plugins/com.st.stm32cube.ide.mcu.externaltools.gnu-tools-for-stm32.12.3.rel1.win32_1.0.200.202406191623/tools/bin/../lib/gcc/arm-none-eabi/12.3.1/../../../../arm-none-eabi/lib/thumb/v7e-m+fp/hard\libm.a(libm_a-sf_fpclassify.o)
 .ARM.attributes
                0x00000a36       0x22 C:/ST/STM32CubeIDE_1.14.0/STM32CubeIDE/plugins/com.st.stm32cube.ide.mcu.externaltools.gnu-tools-for-stm32.12.3.rel1.win32_1.0.200.202406191623/tools/bin/../lib/gcc/arm-none-eabi/12.3.1/thumb/v7e-m+fp/hard\libgcc.a(_arm_muldf3.o)
 .ARM.attributes
                0x00000a58       0x22 C:/ST/STM32CubeIDE_1.14.0/STM32CubeIDE/plugins/com.st.stm32cube.ide.mcu.externaltools.gnu-tools-for-stm32.12.3.rel1.win32_1.0.200.202406191623/tools/bin/../lib/gcc/arm-none-eabi/12.3.1/thumb/v7e-m+fp/hard\libgcc.a(_arm_addsubdf3.o)
 .ARM.attributes
                0x00000a7a       0x22 C:/ST/STM32CubeIDE_1.14.0/STM32CubeIDE/plugins/com.st.stm32cube.ide.mcu.externaltools.gnu-tools-for-stm32.12.3.rel1.win32_1.0.200.202406191623/tools/bin/../lib/gcc/arm-none-eabi/12.3.1/thumb/v7e-m+fp/hard\libgcc.a(_arm_cmpdf2.o)
 .ARM.attributes
                0x00000a9c       0x22 C:/ST/STM32CubeIDE_1.14.0/STM32CubeIDE/plugins/com.st.stm32cube.ide.mcu.externaltools.gnu-tools-for-stm32.12.3.rel1.win32_1.0.200.202406191623/tools/bin/../lib/gcc/arm-none-eabi/12.3.1/thumb/v7e-m+fp/hard\libgcc.a(_arm_truncdfsf2.o)
 .ARM.attributes
                0x00000abe       0x22 C:/ST/STM32CubeIDE_1.14.0/STM32CubeIDE/plugins/com.st.stm32cube.ide.mcu.externaltools.gnu-tools-for-stm32.12.3.rel1.win32_1.0.200.202406191623/tools/bin/../lib/gcc/arm-none-eabi/12.3.1/thumb/v7e-m+fp/hard\libgcc.a(_aeabi_uldivmod.o)
 .ARM.attributes
                0x00000ae0       0x34 C:/ST/STM32CubeIDE_1.14.0/STM32CubeIDE/plugins/com.st.stm32cube.ide.mcu.externaltools.gnu-tools-for-stm32.12.3.rel1.win32_1.0.200.202406191623/tools/bin/../lib/gcc/arm-none-eabi/12.3.1/thumb/v7e-m+fp/hard\libgcc.a(_udivmoddi4.o)
 .ARM.attributes
                0x00000b14       0x22 C:/ST/STM32CubeIDE_1.14.0/STM32CubeIDE/plugins/com.st.stm32cube.ide.mcu.externaltools.gnu-tools-for-stm32.12.3.rel1.win32_1.0.200.202406191623/tools/bin/../lib/gcc/arm-none-eabi/12.3.1/thumb/v7e-m+fp/hard\libgcc.a(_dvmd_tls.o)
 .ARM.attributes
                0x00000b36       0x22 C:/ST/STM32CubeIDE_1.14.0/STM32CubeIDE/plugins/com.st.stm32cube.ide.mcu.externaltools.gnu-tools-for-stm32.12.3.rel1.win32_1.0.200.202406191623/tools/bin/../lib/gcc/arm-none-eabi/12.3.1/thumb/v7e-m+fp/hard/crtn.o
OUTPUT(temperature.elf elf32-littlearm)
LOAD linker stubs
LOAD C:/ST/STM32CubeIDE_1.14.0/STM32CubeIDE/plugins/com.st.stm32cube.ide.mcu.externaltools.gnu-tools-for-stm32.12.3.rel1.win32_1.0.200.202406191623/tools/bin/../lib/gcc/arm-none-eabi/12.3.1/../../../../arm-none-eabi/lib/thumb/v7e-m+fp/hard\libc.a
LOAD C:/ST/STM32CubeIDE_1.14.0/STM32CubeIDE/plugins/com.st.stm32cube.ide.mcu.externaltools.gnu-tools-for-stm32.12.3.rel1.win32_1.0.200.202406191623/tools/bin/../lib/gcc/arm-none-eabi/12.3.1/../../../../arm-none-eabi/lib/thumb/v7e-m+fp/hard\libm.a
LOAD C:/ST/STM32CubeIDE_1.14.0/STM32CubeIDE/plugins/com.st.stm32cube.ide.mcu.externaltools.gnu-tools-for-stm32.12.3.rel1.win32_1.0.200.202406191623/tools/bin/../lib/gcc/arm-none-eabi/12.3.1/thumb/v7e-m+fp/hard\libgcc.a

.debug_info     0x00000000    0x198fc
 .debug_info    0x00000000     0x23c8 ./Core/Src/main.o
 .debug_info    0x000023c8     0x1fb1 ./Core/Src/stm32l4xx_hal_msp.o
 .debug_info    0x00004379      0x15c ./Core/Src/stm32l4xx_it.o
 .debug_info    0x000044d5      0x164 ./Core/Src/sysmem.o
 .debug_info    0x00004639      0x5b1 ./Core/Src/system_stm32l4xx.o
 .debug_info    0x00004bea       0x30 ./Core/Startup/startup_stm32l475vgtx.o
 .debug_info    0x00004c1a     0x1b7a ./Drivers/B-L475E-IOT01/stm32l475e_iot01.o
 .debug_info    0x00006794      0x25e ./Drivers/B-L475E-IOT01/stm32l475e_iot01_tsensor.o
 .debug_info    0x000069f2      0x4e5 ./Drivers/Components/hts221/hts221.o
 .debug_info    0x00006ed7      0xae5 ./Drivers/STM32L4xx_HAL_Driver/Src/stm32l4xx_hal.o
 .debug_info    0x000079bc      0xd7b ./Drivers/STM32L4xx_HAL_Driver/Src/stm32l4xx_hal_cortex.o
 .debug_info    0x00008737     0x1a51 ./Drivers/STM32L4xx_HAL_Driver/Src/stm32l4xx_hal_dfsdm.o
 .debug_info    0x0000a188      0x757 ./Drivers/STM32L4xx_HAL_Driver/Src/stm32l4xx_hal_gpio.o
 .debug_info    0x0000a8df     0x20d2 ./Drivers/STM32L4xx_HAL_Driver/Src/stm32l4xx_hal_i2c.o
 .debug_info    0x0000c9b1      0x975 ./Drivers/STM32L4xx_HAL_Driver/Src/stm32l4xx_hal_i2c_ex.o
 .debug_info    0x0000d326     0x14d6 ./Drivers/STM32L4xx_HAL_Driver/Src/stm32l4xx_hal_pcd.o
 .debug_info    0x0000e7fc      0x8a0 ./Drivers/STM32L4xx_HAL_Driver/Src/stm32l4xx_hal_pcd_ex.o
 .debug_info    0x0000f09c      0x91e ./Drivers/STM32L4xx_HAL_Driver/Src/stm32l4xx_hal_pwr.o
 .debug_info    0x0000f9ba      0x97a ./Drivers/STM32L4xx_HAL_Driver/Src/stm32l4xx_hal_pwr_ex.o
 .debug_info    0x00010334     0x115d ./Drivers/STM32L4xx_HAL_Driver/Src/stm32l4xx_hal_qspi.o
 .debug_info    0x00011491      0xc14 ./Drivers/STM32L4xx_HAL_Driver/Src/stm32l4xx_hal_rcc.o
 .debug_info    0x000120a5      0xe11 ./Drivers/STM32L4xx_HAL_Driver/Src/stm32l4xx_hal_rcc_ex.o
 .debug_info    0x00012eb6     0x1549 ./Drivers/STM32L4xx_HAL_Driver/Src/stm32l4xx_hal_spi.o
 .debug_info    0x000143ff     0x3b69 ./Drivers/STM32L4xx_HAL_Driver/Src/stm32l4xx_hal_uart.o
 .debug_info    0x00017f68     0x1994 ./Drivers/STM32L4xx_HAL_Driver/Src/stm32l4xx_ll_usb.o

.debug_abbrev   0x00000000     0x3474
 .debug_abbrev  0x00000000      0x373 ./Core/Src/main.o
 .debug_abbrev  0x00000373      0x276 ./Core/Src/stm32l4xx_hal_msp.o
 .debug_abbrev  0x000005e9       0xa0 ./Core/Src/stm32l4xx_it.o
 .debug_abbrev  0x00000689       0xba ./Core/Src/sysmem.o
 .debug_abbrev  0x00000743      0x11a ./Core/Src/system_stm32l4xx.o
 .debug_abbrev  0x0000085d       0x24 ./Core/Startup/startup_stm32l475vgtx.o
 .debug_abbrev  0x00000881      0x2ea ./Drivers/B-L475E-IOT01/stm32l475e_iot01.o
 .debug_abbrev  0x00000b6b      0x11d ./Drivers/B-L475E-IOT01/stm32l475e_iot01_tsensor.o
 .debug_abbrev  0x00000c88      0x182 ./Drivers/Components/hts221/hts221.o
 .debug_abbrev  0x00000e0a      0x242 ./Drivers/STM32L4xx_HAL_Driver/Src/stm32l4xx_hal.o
 .debug_abbrev  0x0000104c      0x31c ./Drivers/STM32L4xx_HAL_Driver/Src/stm32l4xx_hal_cortex.o
 .debug_abbrev  0x00001368      0x27e ./Drivers/STM32L4xx_HAL_Driver/Src/stm32l4xx_hal_dfsdm.o
 .debug_abbrev  0x000015e6      0x1cb ./Drivers/STM32L4xx_HAL_Driver/Src/stm32l4xx_hal_gpio.o
 .debug_abbrev  0x000017b1      0x261 ./Drivers/STM32L4xx_HAL_Driver/Src/stm32l4xx_hal_i2c.o
 .debug_abbrev  0x00001a12      0x1c3 ./Drivers/STM32L4xx_HAL_Driver/Src/stm32l4xx_hal_i2c_ex.o
 .debug_abbrev  0x00001bd5      0x2da ./Drivers/STM32L4xx_HAL_Driver/Src/stm32l4xx_hal_pcd.o
 .debug_abbrev  0x00001eaf      0x256 ./Drivers/STM32L4xx_HAL_Driver/Src/stm32l4xx_hal_pcd_ex.o
 .debug_abbrev  0x00002105      0x1d4 ./Drivers/STM32L4xx_HAL_Driver/Src/stm32l4xx_hal_pwr.o
 .debug_abbrev  0x000022d9      0x1f9 ./Drivers/STM32L4xx_HAL_Driver/Src/stm32l4xx_hal_pwr_ex.o
 .debug_abbrev  0x000024d2      0x250 ./Drivers/STM32L4xx_HAL_Driver/Src/stm32l4xx_hal_qspi.o
 .debug_abbrev  0x00002722      0x2cb ./Drivers/STM32L4xx_HAL_Driver/Src/stm32l4xx_hal_rcc.o
 .debug_abbrev  0x000029ed      0x2a6 ./Drivers/STM32L4xx_HAL_Driver/Src/stm32l4xx_hal_rcc_ex.o
 .debug_abbrev  0x00002c93      0x260 ./Drivers/STM32L4xx_HAL_Driver/Src/stm32l4xx_hal_spi.o
 .debug_abbrev  0x00002ef3      0x2d0 ./Drivers/STM32L4xx_HAL_Driver/Src/stm32l4xx_hal_uart.o
 .debug_abbrev  0x000031c3      0x2b1 ./Drivers/STM32L4xx_HAL_Driver/Src/stm32l4xx_ll_usb.o

.debug_aranges  0x00000000     0x1758
 .debug_aranges
                0x00000000       0xb0 ./Core/Src/main.o
 .debug_aranges
                0x000000b0       0x80 ./Core/Src/stm32l4xx_hal_msp.o
 .debug_aranges
                0x00000130       0x70 ./Core/Src/stm32l4xx_it.o
 .debug_aranges
                0x000001a0       0x20 ./Core/Src/sysmem.o
 .debug_aranges
                0x000001c0       0x28 ./Core/Src/system_stm32l4xx.o
 .debug_aranges
                0x000001e8       0x28 ./Core/Startup/startup_stm32l475vgtx.o
 .debug_aranges
                0x00000210      0x130 ./Drivers/B-L475E-IOT01/stm32l475e_iot01.o
 .debug_aranges
                0x00000340       0x28 ./Drivers/B-L475E-IOT01/stm32l475e_iot01_tsensor.o
 .debug_aranges
                0x00000368       0x40 ./Drivers/Components/hts221/hts221.o
 .debug_aranges
                0x000003a8      0x130 ./Drivers/STM32L4xx_HAL_Driver/Src/stm32l4xx_hal.o
 .debug_aranges
                0x000004d8      0x128 ./Drivers/STM32L4xx_HAL_Driver/Src/stm32l4xx_hal_cortex.o
 .debug_aranges
                0x00000600      0x248 ./Drivers/STM32L4xx_HAL_Driver/Src/stm32l4xx_hal_dfsdm.o
 .debug_aranges
                0x00000848       0x58 ./Drivers/STM32L4xx_HAL_Driver/Src/stm32l4xx_hal_gpio.o
 .debug_aranges
                0x000008a0      0x2a0 ./Drivers/STM32L4xx_HAL_Driver/Src/stm32l4xx_hal_i2c.o
 .debug_aranges
                0x00000b40       0x48 ./Drivers/STM32L4xx_HAL_Driver/Src/stm32l4xx_hal_i2c_ex.o
 .debug_aranges
                0x00000b88      0x138 ./Drivers/STM32L4xx_HAL_Driver/Src/stm32l4xx_hal_pcd.o
 .debug_aranges
                0x00000cc0       0x60 ./Drivers/STM32L4xx_HAL_Driver/Src/stm32l4xx_hal_pcd_ex.o
 .debug_aranges
                0x00000d20       0x98 ./Drivers/STM32L4xx_HAL_Driver/Src/stm32l4xx_hal_pwr.o
 .debug_aranges
                0x00000db8      0x150 ./Drivers/STM32L4xx_HAL_Driver/Src/stm32l4xx_hal_pwr_ex.o
 .debug_aranges
                0x00000f08      0x160 ./Drivers/STM32L4xx_HAL_Driver/Src/stm32l4xx_hal_qspi.o
 .debug_aranges
                0x00001068       0x90 ./Drivers/STM32L4xx_HAL_Driver/Src/stm32l4xx_hal_rcc.o
 .debug_aranges
                0x000010f8       0xc0 ./Drivers/STM32L4xx_HAL_Driver/Src/stm32l4xx_hal_rcc_ex.o
 .debug_aranges
                0x000011b8      0x1d8 ./Drivers/STM32L4xx_HAL_Driver/Src/stm32l4xx_hal_spi.o
 .debug_aranges
                0x00001390      0x228 ./Drivers/STM32L4xx_HAL_Driver/Src/stm32l4xx_hal_uart.o
 .debug_aranges
                0x000015b8      0x1a0 ./Drivers/STM32L4xx_HAL_Driver/Src/stm32l4xx_ll_usb.o

.debug_rnglists
                0x00000000     0x120a
 .debug_rnglists
                0x00000000       0x84 ./Core/Src/main.o
 .debug_rnglists
                0x00000084       0x61 ./Core/Src/stm32l4xx_hal_msp.o
 .debug_rnglists
                0x000000e5       0x4f ./Core/Src/stm32l4xx_it.o
 .debug_rnglists
                0x00000134       0x13 ./Core/Src/sysmem.o
 .debug_rnglists
                0x00000147       0x1a ./Core/Src/system_stm32l4xx.o
 .debug_rnglists
                0x00000161       0x19 ./Core/Startup/startup_stm32l475vgtx.o
 .debug_rnglists
                0x0000017a       0xe3 ./Drivers/B-L475E-IOT01/stm32l475e_iot01.o
 .debug_rnglists
                0x0000025d       0x19 ./Drivers/B-L475E-IOT01/stm32l475e_iot01_tsensor.o
 .debug_rnglists
                0x00000276       0x2d ./Drivers/Components/hts221/hts221.o
 .debug_rnglists
                0x000002a3       0xdf ./Drivers/STM32L4xx_HAL_Driver/Src/stm32l4xx_hal.o
 .debug_rnglists
                0x00000382       0xda ./Drivers/STM32L4xx_HAL_Driver/Src/stm32l4xx_hal_cortex.o
 .debug_rnglists
                0x0000045c      0x1c7 ./Drivers/STM32L4xx_HAL_Driver/Src/stm32l4xx_hal_dfsdm.o
 .debug_rnglists
                0x00000623       0x3f ./Drivers/STM32L4xx_HAL_Driver/Src/stm32l4xx_hal_gpio.o
 .debug_rnglists
                0x00000662      0x228 ./Drivers/STM32L4xx_HAL_Driver/Src/stm32l4xx_hal_i2c.o
 .debug_rnglists
                0x0000088a       0x35 ./Drivers/STM32L4xx_HAL_Driver/Src/stm32l4xx_hal_i2c_ex.o
 .debug_rnglists
                0x000008bf       0xed ./Drivers/STM32L4xx_HAL_Driver/Src/stm32l4xx_hal_pcd.o
 .debug_rnglists
                0x000009ac       0x45 ./Drivers/STM32L4xx_HAL_Driver/Src/stm32l4xx_hal_pcd_ex.o
 .debug_rnglists
                0x000009f1       0x6e ./Drivers/STM32L4xx_HAL_Driver/Src/stm32l4xx_hal_pwr.o
 .debug_rnglists
                0x00000a5f       0xfd ./Drivers/STM32L4xx_HAL_Driver/Src/stm32l4xx_hal_pwr_ex.o
 .debug_rnglists
                0x00000b5c      0x113 ./Drivers/STM32L4xx_HAL_Driver/Src/stm32l4xx_hal_qspi.o
 .debug_rnglists
                0x00000c6f       0x6d ./Drivers/STM32L4xx_HAL_Driver/Src/stm32l4xx_hal_rcc.o
 .debug_rnglists
                0x00000cdc       0x95 ./Drivers/STM32L4xx_HAL_Driver/Src/stm32l4xx_hal_rcc_ex.o
 .debug_rnglists
                0x00000d71      0x178 ./Drivers/STM32L4xx_HAL_Driver/Src/stm32l4xx_hal_spi.o
 .debug_rnglists
                0x00000ee9      0x1db ./Drivers/STM32L4xx_HAL_Driver/Src/stm32l4xx_hal_uart.o
 .debug_rnglists
                0x000010c4      0x146 ./Drivers/STM32L4xx_HAL_Driver/Src/stm32l4xx_ll_usb.o

.debug_macro    0x00000000    0x28f30
 .debug_macro   0x00000000      0x383 ./Core/Src/main.o
 .debug_macro   0x00000383      0xab4 ./Core/Src/main.o
 .debug_macro   0x00000e37      0x1bf ./Core/Src/main.o
 .debug_macro   0x00000ff6       0x2e ./Core/Src/main.o
 .debug_macro   0x00001024       0x28 ./Core/Src/main.o
 .debug_macro   0x0000104c       0x22 ./Core/Src/main.o
 .debug_macro   0x0000106e       0x8e ./Core/Src/main.o
 .debug_macro   0x000010fc       0x51 ./Core/Src/main.o
 .debug_macro   0x0000114d      0x103 ./Core/Src/main.o
 .debug_macro   0x00001250       0x6a ./Core/Src/main.o
 .debug_macro   0x000012ba      0x1df ./Core/Src/main.o
 .debug_macro   0x00001499       0x1c ./Core/Src/main.o
 .debug_macro   0x000014b5       0x22 ./Core/Src/main.o
 .debug_macro   0x000014d7       0xfb ./Core/Src/main.o
 .debug_macro   0x000015d2     0x1011 ./Core/Src/main.o
 .debug_macro   0x000025e3      0x11f ./Core/Src/main.o
 .debug_macro   0x00002702    0x19dc7 ./Core/Src/main.o
 .debug_macro   0x0001c4c9       0x6d ./Core/Src/main.o
 .debug_macro   0x0001c536     0x38fb ./Core/Src/main.o
 .debug_macro   0x0001fe31      0x189 ./Core/Src/main.o
 .debug_macro   0x0001ffba       0x5c ./Core/Src/main.o
 .debug_macro   0x00020016     0x1558 ./Core/Src/main.o
 .debug_macro   0x0002156e      0x5a5 ./Core/Src/main.o
 .debug_macro   0x00021b13      0x1b9 ./Core/Src/main.o
 .debug_macro   0x00021ccc      0x17d ./Core/Src/main.o
 .debug_macro   0x00021e49      0x26b ./Core/Src/main.o
 .debug_macro   0x000220b4      0x29c ./Core/Src/main.o
 .debug_macro   0x00022350      0x23d ./Core/Src/main.o
 .debug_macro   0x0002258d      0x241 ./Core/Src/main.o
 .debug_macro   0x000227ce      0x37c ./Core/Src/main.o
 .debug_macro   0x00022b4a       0xd6 ./Core/Src/main.o
 .debug_macro   0x00022c20      0x22c ./Core/Src/main.o
 .debug_macro   0x00022e4c       0x61 ./Core/Src/main.o
 .debug_macro   0x00022ead       0xa5 ./Core/Src/main.o
 .debug_macro   0x00022f52      0x215 ./Core/Src/main.o
 .debug_macro   0x00023167       0x97 ./Core/Src/main.o
 .debug_macro   0x000231fe      0x122 ./Core/Src/main.o
 .debug_macro   0x00023320      0x3e8 ./Core/Src/main.o
 .debug_macro   0x00023708      0x2a3 ./Core/Src/main.o
 .debug_macro   0x000239ab      0x2fe ./Core/Src/main.o
 .debug_macro   0x00023ca9      0x5cf ./Core/Src/main.o
 .debug_macro   0x00024278       0x44 ./Core/Src/main.o
 .debug_macro   0x000242bc      0x330 ./Core/Src/main.o
 .debug_macro   0x000245ec      0x1ba ./Core/Src/main.o
 .debug_macro   0x000247a6      0x41f ./Core/Src/main.o
 .debug_macro   0x00024bc5      0x15f ./Core/Src/main.o
 .debug_macro   0x00024d24       0x61 ./Core/Src/main.o
 .debug_macro   0x00024d85       0x2a ./Core/Src/main.o
 .debug_macro   0x00024daf       0x43 ./Core/Src/main.o
 .debug_macro   0x00024df2       0x34 ./Core/Src/main.o
 .debug_macro   0x00024e26       0x16 ./Core/Src/main.o
 .debug_macro   0x00024e3c       0x43 ./Core/Src/main.o
 .debug_macro   0x00024e7f       0x34 ./Core/Src/main.o
 .debug_macro   0x00024eb3       0x10 ./Core/Src/main.o
 .debug_macro   0x00024ec3       0x58 ./Core/Src/main.o
 .debug_macro   0x00024f1b       0x8e ./Core/Src/main.o
 .debug_macro   0x00024fa9       0x1c ./Core/Src/main.o
 .debug_macro   0x00024fc5      0x177 ./Core/Src/main.o
 .debug_macro   0x0002513c      0x369 ./Core/Src/main.o
 .debug_macro   0x000254a5      0x19b ./Core/Src/main.o
 .debug_macro   0x00025640       0x16 ./Core/Src/main.o
 .debug_macro   0x00025656       0x35 ./Core/Src/main.o
 .debug_macro   0x0002568b       0x20 ./Core/Src/main.o
 .debug_macro   0x000256ab       0x28 ./Core/Src/main.o
 .debug_macro   0x000256d3       0x1c ./Core/Src/main.o
 .debug_macro   0x000256ef       0x10 ./Core/Src/main.o
 .debug_macro   0x000256ff       0x1c ./Core/Src/main.o
 .debug_macro   0x0002571b       0x16 ./Core/Src/main.o
 .debug_macro   0x00025731      0x146 ./Core/Src/main.o
 .debug_macro   0x00025877      0x22a ./Core/Src/stm32l4xx_hal_msp.o
 .debug_macro   0x00025aa1      0x234 ./Core/Src/stm32l4xx_it.o
 .debug_macro   0x00025cd5      0x2be ./Core/Src/sysmem.o
 .debug_macro   0x00025f93      0x23c ./Core/Src/sysmem.o
 .debug_macro   0x000261cf      0x221 ./Core/Src/system_stm32l4xx.o
 .debug_macro   0x000263f0      0x243 ./Drivers/B-L475E-IOT01/stm32l475e_iot01.o
 .debug_macro   0x00026633      0x252 ./Drivers/B-L475E-IOT01/stm32l475e_iot01_tsensor.o
 .debug_macro   0x00026885      0x244 ./Drivers/Components/hts221/hts221.o
 .debug_macro   0x00026ac9      0x26f ./Drivers/STM32L4xx_HAL_Driver/Src/stm32l4xx_hal.o
 .debug_macro   0x00026d38      0x221 ./Drivers/STM32L4xx_HAL_Driver/Src/stm32l4xx_hal_cortex.o
 .debug_macro   0x00026f59      0x244 ./Drivers/STM32L4xx_HAL_Driver/Src/stm32l4xx_hal_dfsdm.o
 .debug_macro   0x0002719d      0x228 ./Drivers/STM32L4xx_HAL_Driver/Src/stm32l4xx_hal_gpio.o
 .debug_macro   0x000273c5      0x2ec ./Drivers/STM32L4xx_HAL_Driver/Src/stm32l4xx_hal_i2c.o
 .debug_macro   0x000276b1      0x221 ./Drivers/STM32L4xx_HAL_Driver/Src/stm32l4xx_hal_i2c_ex.o
 .debug_macro   0x000278d2      0x22d ./Drivers/STM32L4xx_HAL_Driver/Src/stm32l4xx_hal_pcd.o
 .debug_macro   0x00027aff      0x221 ./Drivers/STM32L4xx_HAL_Driver/Src/stm32l4xx_hal_pcd_ex.o
 .debug_macro   0x00027d20      0x239 ./Drivers/STM32L4xx_HAL_Driver/Src/stm32l4xx_hal_pwr.o
 .debug_macro   0x00027f59      0x245 ./Drivers/STM32L4xx_HAL_Driver/Src/stm32l4xx_hal_pwr_ex.o
 .debug_macro   0x0002819e      0x244 ./Drivers/STM32L4xx_HAL_Driver/Src/stm32l4xx_hal_qspi.o
 .debug_macro   0x000283e2      0x263 ./Drivers/STM32L4xx_HAL_Driver/Src/stm32l4xx_hal_rcc.o
 .debug_macro   0x00028645      0x257 ./Drivers/STM32L4xx_HAL_Driver/Src/stm32l4xx_hal_rcc_ex.o
 .debug_macro   0x0002889c      0x228 ./Drivers/STM32L4xx_HAL_Driver/Src/stm32l4xx_hal_spi.o
 .debug_macro   0x00028ac4      0x24b ./Drivers/STM32L4xx_HAL_Driver/Src/stm32l4xx_hal_uart.o
 .debug_macro   0x00028d0f      0x221 ./Drivers/STM32L4xx_HAL_Driver/Src/stm32l4xx_ll_usb.o

.debug_line     0x00000000    0x1cc11
 .debug_line    0x00000000     0x10b1 ./Core/Src/main.o
 .debug_line    0x000010b1      0xb4c ./Core/Src/stm32l4xx_hal_msp.o
 .debug_line    0x00001bfd      0x962 ./Core/Src/stm32l4xx_it.o
 .debug_line    0x0000255f      0x9b6 ./Core/Src/sysmem.o
 .debug_line    0x00002f15      0x903 ./Core/Src/system_stm32l4xx.o
 .debug_line    0x00003818       0x7a ./Core/Startup/startup_stm32l475vgtx.o
 .debug_line    0x00003892      0xd44 ./Drivers/B-L475E-IOT01/stm32l475e_iot01.o
 .debug_line    0x000045d6      0x95e ./Drivers/B-L475E-IOT01/stm32l475e_iot01_tsensor.o
 .debug_line    0x00004f34      0xa19 ./Drivers/Components/hts221/hts221.o
 .debug_line    0x0000594d      0xc5e ./Drivers/STM32L4xx_HAL_Driver/Src/stm32l4xx_hal.o
 .debug_line    0x000065ab      0xe27 ./Drivers/STM32L4xx_HAL_Driver/Src/stm32l4xx_hal_cortex.o
 .debug_line    0x000073d2     0x1ff3 ./Drivers/STM32L4xx_HAL_Driver/Src/stm32l4xx_hal_dfsdm.o
 .debug_line    0x000093c5      0xcea ./Drivers/STM32L4xx_HAL_Driver/Src/stm32l4xx_hal_gpio.o
 .debug_line    0x0000a0af     0x3b91 ./Drivers/STM32L4xx_HAL_Driver/Src/stm32l4xx_hal_i2c.o
 .debug_line    0x0000dc40      0xa86 ./Drivers/STM32L4xx_HAL_Driver/Src/stm32l4xx_hal_i2c_ex.o
 .debug_line    0x0000e6c6     0x14b1 ./Drivers/STM32L4xx_HAL_Driver/Src/stm32l4xx_hal_pcd.o
 .debug_line    0x0000fb77      0xa76 ./Drivers/STM32L4xx_HAL_Driver/Src/stm32l4xx_hal_pcd_ex.o
 .debug_line    0x000105ed      0xa35 ./Drivers/STM32L4xx_HAL_Driver/Src/stm32l4xx_hal_pwr.o
 .debug_line    0x00011022      0xe20 ./Drivers/STM32L4xx_HAL_Driver/Src/stm32l4xx_hal_pwr_ex.o
 .debug_line    0x00011e42     0x159e ./Drivers/STM32L4xx_HAL_Driver/Src/stm32l4xx_hal_qspi.o
 .debug_line    0x000133e0     0x10d7 ./Drivers/STM32L4xx_HAL_Driver/Src/stm32l4xx_hal_rcc.o
 .debug_line    0x000144b7     0x1649 ./Drivers/STM32L4xx_HAL_Driver/Src/stm32l4xx_hal_rcc_ex.o
 .debug_line    0x00015b00     0x2134 ./Drivers/STM32L4xx_HAL_Driver/Src/stm32l4xx_hal_spi.o
 .debug_line    0x00017c34     0x3370 ./Drivers/STM32L4xx_HAL_Driver/Src/stm32l4xx_hal_uart.o
 .debug_line    0x0001afa4     0x1c6d ./Drivers/STM32L4xx_HAL_Driver/Src/stm32l4xx_ll_usb.o

.debug_str      0x00000000    0xf5c27
 .debug_str     0x00000000    0xef483 ./Core/Src/main.o