../Core/Src/main.c:88:6:fill_buffer	24	static
../Core/Src/main.c:97:6:lcd_send_cmd	32	static
../Core/Src/main.c:110:6:lcd_send_data	32	static
../Core/Src/main.c:122:6:lcd_init	8	static
../Core/Src/main.c:146:6:lcd_send_string	16	static
../Core/Src/main.c:150:6:lcd_put_cur	16	static
../Core/Src/main.c:163:6:lcd_clear	8	static
../Core/Src/main.c:173:5:main	64	static
../Core/Src/main.c:260:6:SystemClock_Config	96	static
../Core/Src/main.c:321:13:MX_DFSDM1_Init	8	static
../Core/Src/main.c:359:13:MX_I2C1_Init	8	static
../Core/Src/main.c:407:13:MX_I2C2_Init	8	static
../Core/Src/main.c:455:13:MX_QUADSPI_Init	8	static
../Core/Src/main.c:488:13:MX_SPI3_Init	8	static
../Core/Src/main.c:528:13:MX_USART1_UART_Init	8	static
../Core/Src/main.c:563:13:MX_USART3_UART_Init	8	static
../Core/Src/main.c:598:13:MX_USB_OTG_FS_PCD_Init	8	static
../Core/Src/main.c:633:13:MX_GPIO_Init	48	static
../Core/Src/main.c:816:6:Error_Handler	4	static,ignoring_inline_asm
